Archive member included to satisfy reference by file (symbol)

C:/NXP/MCUXpressoIDE_11.10.0_3148/ide/tools/bin/../lib/gcc/arm-none-eabi/13.2.1/thumb/v7e-m+dp/hard\libgcc.a(_aeabi_ldivmod.o)
                              CMakeFiles/lvgl_guider.elf.dir/C_/NXP/GUI-Guider-Projects/hack-1/sdk/Core/source/freertos_libraries/freertos_plus/standard/freertos_plus_posix/source/FreeRTOS_POSIX_utils.c.obj (__aeabi_ldivmod)
C:/NXP/MCUXpressoIDE_11.10.0_3148/ide/tools/bin/../lib/gcc/arm-none-eabi/13.2.1/thumb/v7e-m+dp/hard\libgcc.a(_aeabi_uldivmod.o)
                              CMakeFiles/lvgl_guider.elf.dir/C_/NXP/GUI-Guider-Projects/hack-1/sdk/Core/source/lvgl_demo_utils.c.obj (__aeabi_uldivmod)
C:/NXP/MCUXpressoIDE_11.10.0_3148/ide/tools/bin/../lib/gcc/arm-none-eabi/13.2.1/thumb/v7e-m+dp/hard\libgcc.a(_udivmoddi4.o)
                              C:/NXP/MCUXpressoIDE_11.10.0_3148/ide/tools/bin/../lib/gcc/arm-none-eabi/13.2.1/thumb/v7e-m+dp/hard\libgcc.a(_aeabi_ldivmod.o) (__udivmoddi4)
C:/NXP/MCUXpressoIDE_11.10.0_3148/ide/tools/bin/../lib/gcc/arm-none-eabi/13.2.1/thumb/v7e-m+dp/hard\libgcc.a(_dvmd_tls.o)
                              C:/NXP/MCUXpressoIDE_11.10.0_3148/ide/tools/bin/../lib/gcc/arm-none-eabi/13.2.1/thumb/v7e-m+dp/hard\libgcc.a(_aeabi_ldivmod.o) (__aeabi_ldiv0)
C:/NXP/MCUXpressoIDE_11.10.0_3148/ide/tools/bin/../lib/gcc/arm-none-eabi/13.2.1/thumb/v7e-m+dp/hard\libc_nano.a(libc_a-abs.o)
                              CMakeFiles/lvgl_guider.elf.dir/C_/NXP/GUI-Guider-Projects/hack-1/sdk/Core/lvgl/lvgl/src/extra/libs/qrcode/qrcodegen.c.obj (abs)
C:/NXP/MCUXpressoIDE_11.10.0_3148/ide/tools/bin/../lib/gcc/arm-none-eabi/13.2.1/thumb/v7e-m+dp/hard\libc_nano.a(libc_a-exit.o)
                              C:/NXP/MCUXpressoIDE_11.10.0_3148/ide/tools/bin/../lib/gcc/arm-none-eabi/13.2.1/thumb/v7e-m+dp/hard/crt0.o (exit)
C:/NXP/MCUXpressoIDE_11.10.0_3148/ide/tools/bin/../lib/gcc/arm-none-eabi/13.2.1/thumb/v7e-m+dp/hard\libc_nano.a(libc_a-labs.o)
                              CMakeFiles/lvgl_guider.elf.dir/C_/NXP/GUI-Guider-Projects/hack-1/sdk/Core/lvgl/lvgl/src/extra/libs/qrcode/qrcodegen.c.obj (labs)
C:/NXP/MCUXpressoIDE_11.10.0_3148/ide/tools/bin/../lib/gcc/arm-none-eabi/13.2.1/thumb/v7e-m+dp/hard\libc_nano.a(libc_a-malloc.o)
                              CMakeFiles/lvgl_guider.elf.dir/C_/NXP/GUI-Guider-Projects/hack-1/sdk/Core/drivers/fsl_common.c.obj (malloc)
C:/NXP/MCUXpressoIDE_11.10.0_3148/ide/tools/bin/../lib/gcc/arm-none-eabi/13.2.1/thumb/v7e-m+dp/hard\libc_nano.a(libc_a-mallocr.o)
                              C:/NXP/MCUXpressoIDE_11.10.0_3148/ide/tools/bin/../lib/gcc/arm-none-eabi/13.2.1/thumb/v7e-m+dp/hard\libc_nano.a(libc_a-malloc.o) (_malloc_r)
C:/NXP/MCUXpressoIDE_11.10.0_3148/ide/tools/bin/../lib/gcc/arm-none-eabi/13.2.1/thumb/v7e-m+dp/hard\libc_nano.a(libc_a-mlock.o)
                              C:/NXP/MCUXpressoIDE_11.10.0_3148/ide/tools/bin/../lib/gcc/arm-none-eabi/13.2.1/thumb/v7e-m+dp/hard\libc_nano.a(libc_a-mallocr.o) (__malloc_lock)
C:/NXP/MCUXpressoIDE_11.10.0_3148/ide/tools/bin/../lib/gcc/arm-none-eabi/13.2.1/thumb/v7e-m+dp/hard\libc_nano.a(libc_a-strtoul.o)
                              CMakeFiles/lvgl_guider.elf.dir/C_/NXP/GUI-Guider-Projects/hack-1/sdk/Core/utilities/fsl_str.c.obj (strtoul)
C:/NXP/MCUXpressoIDE_11.10.0_3148/ide/tools/bin/../lib/gcc/arm-none-eabi/13.2.1/thumb/v7e-m+dp/hard\libc_nano.a(libc_a-ctype_.o)
                              C:/NXP/MCUXpressoIDE_11.10.0_3148/ide/tools/bin/../lib/gcc/arm-none-eabi/13.2.1/thumb/v7e-m+dp/hard\libc_nano.a(libc_a-strtoul.o) (_ctype_)
C:/NXP/MCUXpressoIDE_11.10.0_3148/ide/tools/bin/../lib/gcc/arm-none-eabi/13.2.1/thumb/v7e-m+dp/hard\libc_nano.a(libc_a-findfp.o)
                              C:/NXP/MCUXpressoIDE_11.10.0_3148/ide/tools/bin/../lib/gcc/arm-none-eabi/13.2.1/thumb/v7e-m+dp/hard\libc_nano.a(libc_a-exit.o) (__stdio_exit_handler)
C:/NXP/MCUXpressoIDE_11.10.0_3148/ide/tools/bin/../lib/gcc/arm-none-eabi/13.2.1/thumb/v7e-m+dp/hard\libc_nano.a(libc_a-fwalk.o)
                              C:/NXP/MCUXpressoIDE_11.10.0_3148/ide/tools/bin/../lib/gcc/arm-none-eabi/13.2.1/thumb/v7e-m+dp/hard\libc_nano.a(libc_a-findfp.o) (_fwalk_sglue)
C:/NXP/MCUXpressoIDE_11.10.0_3148/ide/tools/bin/../lib/gcc/arm-none-eabi/13.2.1/thumb/v7e-m+dp/hard\libc_nano.a(libc_a-snprintf.o)
                              CMakeFiles/lvgl_guider.elf.dir/C_/NXP/GUI-Guider-Projects/hack-1/sdk/Core/freertos/freertos-kernel/tasks.c.obj (snprintf)
C:/NXP/MCUXpressoIDE_11.10.0_3148/ide/tools/bin/../lib/gcc/arm-none-eabi/13.2.1/thumb/v7e-m+dp/hard\libc_nano.a(libc_a-sprintf.o)
                              CMakeFiles/lvgl_guider.elf.dir/C_/NXP/GUI-Guider-Projects/hack-1/generated/events_init.c.obj (sprintf)
C:/NXP/MCUXpressoIDE_11.10.0_3148/ide/tools/bin/../lib/gcc/arm-none-eabi/13.2.1/thumb/v7e-m+dp/hard\libc_nano.a(libc_a-stdio.o)
[...]
Memory Configuration

Name             Origin             Length             Attributes
m_flash_config   0x60000000         0x00001000         xr
m_ivt            0x60001000         0x00001000         xr
m_interrupts     0x60002000         0x00000400         xr
m_text           0x60002400         0x007fdc00         xr
m_qacode         0x00000000         0x00020000         xr
m_data           0x80000000         0x00600000         rw
m_ncache         0x81e00000         0x00200000         rw
m_data2          0x20000000         0x00020000         rw
m_data3          0x20200000         0x000c0000         rw
m_heap           0x80600000         0x01800000         rw
*default*        0x00000000         0xffffffff

Linker script and memory map

LOAD C:/NXP/MCUXpressoIDE_11.10.0_3148/ide/tools/bin/../lib/gcc/arm-none-eabi/13.2.1/thumb/v7e-m+dp/hard/crti.o
LOAD C:/NXP/MCUXpressoIDE_11.10.0_3148/ide/tools/bin/../lib/gcc/arm-none-eabi/13.2.1/thumb/v7e-m+dp/hard/crtbegin.o
LOAD C:/NXP/MCUXpressoIDE_11.10.0_3148/ide/tools/bin/../lib/gcc/arm-none-eabi/13.2.1/thumb/v7e-m+dp/hard/crt0.o
                0x00001000                        __stack_size__ = 0x1000
                0x01800000                        __heap_size__ = 0x1800000
LOAD CMakeFiles/lvgl_guider.elf.dir/C_/NXP/GUI-Guider-Projects/hack-1/sdk/Core/board/board.c.obj
LOAD CMakeFiles/lvgl_guider.elf.dir/C_/NXP/GUI-Guider-Projects/hack-1/sdk/Core/board/clock_config.c.obj
LOAD CMakeFiles/lvgl_guider.elf.dir/C_/NXP/GUI-Guider-Projects/hack-1/sdk/Core/board/dcd.c.obj
LOAD CMakeFiles/lvgl_guider.elf.dir/C_/NXP/GUI-Guider-Projects/hack-1/sdk/Core/board/lvgl_support.c.obj
LOAD CMakeFiles/lvgl_guider.elf.dir/C_/NXP/GUI-Guider-Projects/hack-1/sdk/Core/board/pin_mux.c.obj
LOAD CMakeFiles/lvgl_guider.elf.dir/C_/NXP/GUI-Guider-Projects/hack-1/sdk/Core/board/sdmmc_config.c.obj
LOAD CMakeFiles/lvgl_guider.elf.dir/C_/NXP/GUI-Guider-Projects/hack-1/sdk/Core/source/freertos_libraries/freertos_plus/standard/freertos_plus_posix/source/FreeRTOS_POSIX_clock.c.obj
LOAD CMakeFiles/lvgl_guider.elf.dir/C_/NXP/GUI-Guider-Projects/hack-1/sdk/Core/source/freertos_libraries/freertos_plus/standard/freertos_plus_posix/source/FreeRTOS_POSIX_mqueue.c.obj
LOAD CMakeFiles/lvgl_guider.elf.dir/C_/NXP/GUI-Guider-Projects/hack-1/sdk/Core/source/freertos_libraries/freertos_plus/standard/freertos_plus_posix/source/FreeRTOS_POSIX_pthread.c.obj
LOAD CMakeFiles/lvgl_guider.elf.dir/C_/NXP/GUI-Guider-Projects/hack-1/sdk/Core/source/freertos_libraries/freertos_plus/standard/freertos_plus_posix/source/FreeRTOS_POSIX_pthread_barrier.c.obj
LOAD CMakeFiles/lvgl_guider.elf.dir/C_/NXP/GUI-Guider-Projects/hack-1/sdk/Core/source/freertos_libraries/freertos_plus/standard/freertos_plus_posix/source/FreeRTOS_POSIX_pthread_cond.c.obj
LOAD CMakeFiles/lvgl_guider.elf.dir/C_/NXP/GUI-Guider-Projects/hack-1/sdk/Core/source/freertos_libraries/freertos_plus/standard/freertos_plus_posix/source/FreeRTOS_POSIX_pthread_mutex.c.obj
LOAD CMakeFiles/lvgl_guider.elf.dir/C_/NXP/GUI-Guider-Projects/hack-1/sdk/Core/source/freertos_libraries/freertos_plus/standard/freertos_plus_posix/source/FreeRTOS_POSIX_sched.c.obj
LOAD CMakeFiles/lvgl_guider.elf.dir/C_/NXP/GUI-Guider-Projects/hack-1/sdk/Core/source/freertos_libraries/freertos_plus/standard/freertos_plus_posix/source/FreeRTOS_POSIX_semaphore.c.obj
LOAD CMakeFiles/lvgl_guider.elf.dir/C_/NXP/GUI-Guider-Projects/hack-1/sdk/Core/source/freertos_libraries/freertos_plus/standard/freertos_plus_posix/source/FreeRTOS_POSIX_timer.c.obj
LOAD CMakeFiles/lvgl_guider.elf.dir/C_/NXP/GUI-Guider-Projects/hack-1/sdk/Core/source/freertos_libraries/freertos_plus/standard/freertos_plus_posix/source/FreeRTOS_POSIX_unistd.c.obj
LOAD CMakeFiles/lvgl_guider.elf.dir/C_/NXP/GUI-Guider-Projects/hack-1/sdk/Core/source/freertos_libraries/freertos_plus/standard/freertos_plus_posix/source/FreeRTOS_POSIX_utils.c.obj
LOAD CMakeFiles/lvgl_guider.elf.dir/C_/NXP/GUI-Guider-Projects/hack-1/sdk/Core/source/h264_dec.cpp.obj
LOAD CMakeFiles/lvgl_guider.elf.dir/C_/NXP/GUI-Guider-Projects/hack-1/sdk/Core/source/lvgl_demo_utils.c.obj
LOAD CMakeFiles/lvgl_guider.elf.dir/C_/NXP/GUI-Guider-Projects/hack-1/sdk/Core/source/lvgl_freertos.c.obj
LOAD CMakeFiles/lvgl_guider.elf.dir/C_/NXP/GUI-Guider-Projects/hack-1/sdk/Core/source/lvgl_guider.c.obj
LOAD CMakeFiles/lvgl_guider.elf.dir/C_/NXP/GUI-Guider-Projects/hack-1/sdk/Core/source/sdcard.c.obj
LOAD CMakeFiles/lvgl_guider.elf.dir/C_/NXP/GUI-Guider-Projects/hack-1/custom/custom.c.obj
LOAD CMakeFiles/lvgl_guider.elf.dir/C_/NXP/GUI-Guider-Projects/hack-1/generated/events_init.c.obj
LOAD CMakeFiles/lvgl_guider.elf.dir/C_/NXP/GUI-Guider-Projects/hack-1/generated/gui_guider.c.obj
LOAD CMakeFiles/lvgl_guider.elf.dir/C_/NXP/GUI-Guider-Projects/hack-1/generated/guider_fonts/lv_font_Acme_Regular_17.c.obj
LOAD CMakeFiles/lvgl_guider.elf.dir/C_/NXP/GUI-Guider-Projects/hack-1/generated/guider_fonts/lv_font_Acme_Regular_20.c.obj
LOAD CMakeFiles/lvgl_guider.elf.dir/C_/NXP/GUI-Guider-Projects/hack-1/generated/guider_fonts/lv_font_montserratMedium_10.c.obj
LOAD CMakeFiles/lvgl_guider.elf.dir/C_/NXP/GUI-Guider-Projects/hack-1/generated/guider_fonts/lv_font_montserratMedium_12.c.obj
LOAD CMakeFiles/lvgl_guider.elf.dir/C_/NXP/GUI-Guider-Projects/hack-1/generated/guider_fonts/lv_font_montserratMedium_14.c.obj
LOAD CMakeFiles/lvgl_guider.elf.dir/C_/NXP/GUI-Guider-Projects/hack-1/generated/guider_fonts/lv_font_montserratMedium_16.c.obj
LOAD CMakeFiles/lvgl_guider.elf.dir/C_/NXP/GUI-Guider-Projects/hack-1/generated/guider_fonts/lv_font_montserratMedium_18.c.obj
LOAD CMakeFiles/lvgl_guider.elf.dir/C_/NXP/GUI-Guider-Projects/hack-1/generated/images/_47cff9b8ea795bfa_alpha_272x272.c.obj
LOAD CMakeFiles/lvgl_guider.elf.dir/C_/NXP/GUI-Guider-Projects/hack-1/generated/images/_5e6b6b379dd3b607_alpha_272x272.c.obj
LOAD CMakeFiles/lvgl_guider.elf.dir/C_/NXP/GUI-Guider-Projects/hack-1/generated/images/_5f9b260e83842005_alpha_272x272.c.obj
LOAD CMakeFiles/lvgl_guider.elf.dir/C_/NXP/GUI-Guider-Projects/hack-1/generated/images/_test_alpha_476x272.c.obj
LOAD CMakeFiles/lvgl_guider.elf.dir/C_/NXP/GUI-Guider-Projects/hack-1/generated/images/_test_alpha_480x272.c.obj
LOAD CMakeFiles/lvgl_guider.elf.dir/C_/NXP/GUI-Guider-Projects/hack-1/generated/setup_scr_calculator.c.obj
LOAD CMakeFiles/lvgl_guider.elf.dir/C_/NXP/GUI-Guider-Projects/hack-1/generated/setup_scr_calculator_1.c.obj
LOAD CMakeFiles/lvgl_guider.elf.dir/C_/NXP/GUI-Guider-Projects/hack-1/generated/setup_scr_calculator_2.c.obj
LOAD CMakeFiles/lvgl_guider.elf.dir/C_/NXP/GUI-Guider-Projects/hack-1/generated/setup_scr_chart.c.obj
LOAD CMakeFiles/lvgl_guider.elf.dir/C_/NXP/GUI-Guider-Projects/hack-1/generated/setup_scr_map.c.obj
LOAD CMakeFiles/lvgl_guider.elf.dir/C_/NXP/GUI-Guider-Projects/hack-1/generated/setup_scr_map_1.c.obj
LOAD CMakeFiles/lvgl_guider.elf.dir/C_/NXP/GUI-Guider-Projects/hack-1/generated/setup_scr_map_2.c.obj
LOAD CMakeFiles/lvgl_guider.elf.dir/C_/NXP/GUI-Guider-Projects/hack-1/generated/setup_scr_scrStackedAreaChart.c.obj
LOAD CMakeFiles/lvgl_guider.elf.dir/C_/NXP/GUI-Guider-Projects/hack-1/generated/widgets_init.c.obj
LOAD CMakeFiles/lvgl_guider.elf.dir/C_/NXP/GUI-Guider-Projects/hack-1/sdk/Core/component/gpio/fsl_adapter_igpio.c.obj
LOAD CMakeFiles/lvgl_guider.elf.dir/C_/NXP/GUI-Guider-Projects/hack-1/sdk/Core/component/lists/fsl_component_generic_list.c.obj
LOAD CMakeFiles/lvgl_guider.elf.dir/C_/NXP/GUI-Guider-Projects/hack-1/sdk/Core/component/uart/fsl_adapter_lpuart.c.obj
LOAD CMakeFiles/lvgl_guider.elf.dir/C_/NXP/GUI-Guider-Projects/hack-1/sdk/Core/component/osa/fsl_os_abstraction_free_rtos.c.obj
LOAD CMakeFiles/lvgl_guider.elf.dir/C_/NXP/GUI-Guider-Projects/hack-1/sdk/Core/component/serial_manager/fsl_component_serial_manager.c.obj
LOAD CMakeFiles/lvgl_guider.elf.dir/C_/NXP/GUI-Guider-Projects/hack-1/sdk/Core/component/serial_manager/fsl_component_serial_port_uart.c.obj
LOAD CMakeFiles/lvgl_guider.elf.dir/startup/startup_MIMXRT1062.S.obj
LOAD CMakeFiles/lvgl_guider.elf.dir/C_/NXP/GUI-Guider-Projects/hack-1/sdk/Core/device/system_MIMXRT1062.c.obj
LOAD CMakeFiles/lvgl_guider.elf.dir/C_/NXP/GUI-Guider-Projects/hack-1/sdk/Core/drivers/fsl_cache.c.obj
LOAD CMakeFiles/lvgl_guider.elf.dir/C_/NXP/GUI-Guider-Projects/hack-1/sdk/Core/drivers/fsl_clock.c.obj
LOAD CMakeFiles/lvgl_guider.elf.dir/C_/NXP/GUI-Guider-Projects/hack-1/sdk/Core/drivers/fsl_common.c.obj
LOAD CMakeFiles/lvgl_guider.elf.dir/C_/NXP/GUI-Guider-Projects/hack-1/sdk/Core/drivers/fsl_common_arm.c.obj
LOAD CMakeFiles/lvgl_guider.elf.dir/C_/NXP/GUI-Guider-Projects/hack-1/sdk/Core/drivers/fsl_elcdif.c.obj
LOAD CMakeFiles/lvgl_guider.elf.dir/C_/NXP/GUI-Guider-Projects/hack-1/sdk/Core/touchpanel/fsl_ft5406_rt.c.obj
LOAD CMakeFiles/lvgl_guider.elf.dir/C_/NXP/GUI-Guider-Projects/hack-1/sdk/Core/touchpanel/fsl_gt911.c.obj
LOAD CMakeFiles/lvgl_guider.elf.dir/C_/NXP/GUI-Guider-Projects/hack-1/sdk/Core/drivers/fsl_gpio.c.obj
LOAD CMakeFiles/lvgl_guider.elf.dir/C_/NXP/GUI-Guider-Projects/hack-1/sdk/Core/drivers/fsl_lpi2c.c.obj
LOAD CMakeFiles/lvgl_guider.elf.dir/C_/NXP/GUI-Guider-Projects/hack-1/sdk/Core/drivers/fsl_lpuart.c.obj
LOAD CMakeFiles/lvgl_guider.elf.dir/C_/NXP/GUI-Guider-Projects/hack-1/sdk/Core/drivers/fsl_pxp.c.obj
LOAD CMakeFiles/lvgl_guider.elf.dir/C_/NXP/GUI-Guider-Projects/hack-1/sdk/Core/drivers/fsl_usdhc.c.obj
LOAD CMakeFiles/lvgl_guider.elf.dir/C_/NXP/GUI-Guider-Projects/hack-1/sdk/Core/video/fsl_video_common.c.obj
LOAD CMakeFiles/lvgl_guider.elf.dir/C_/NXP/GUI-Guider-Projects/hack-1/sdk/Core/xip/evkbmimxrt1060_flexspi_nor_config.c.obj
LOAD CMakeFiles/lvgl_guider.elf.dir/C_/NXP/GUI-Guider-Projects/hack-1/sdk/Core/xip/fsl_flexspi_nor_boot.c.obj
LOAD CMakeFiles/lvgl_guider.elf.dir/C_/NXP/GUI-Guider-Projects/hack-1/sdk/Core/fatfs/source/diskio.c.obj
LOAD CMakeFiles/lvgl_guider.elf.dir/C_/NXP/GUI-Guider-Projects/hack-1/sdk/Core/fatfs/source/ff.c.obj
LOAD CMakeFiles/lvgl_guider.elf.dir/C_/NXP/GUI-Guider-Projects/hack-1/sdk/Core/fatfs/source/ffsystem.c.obj
LOAD CMakeFiles/lvgl_guider.elf.dir/C_/NXP/GUI-Guider-Projects/hack-1/sdk/Core/fatfs/source/ffunicode.c.obj
LOAD CMakeFiles/lvgl_guider.elf.dir/C_/NXP/GUI-Guider-Projects/hack-1/sdk/Core/fatfs/source/fsl_sd_disk/fsl_sd_disk.c.obj
LOAD CMakeFiles/lvgl_guider.elf.dir/C_/NXP/GUI-Guider-Projects/hack-1/sdk/Core/freertos/freertos-kernel/croutine.c.obj
LOAD CMakeFiles/lvgl_guider.elf.dir/C_/NXP/GUI-Guider-Projects/hack-1/sdk/Core/freertos/freertos-kernel/event_groups.c.obj
LOAD CMakeFiles/lvgl_guider.elf.dir/C_/NXP/GUI-Guider-Projects/hack-1/sdk/Core/freertos/freertos-kernel/list.c.obj
LOAD CMakeFiles/lvgl_guider.elf.dir/C_/NXP/GUI-Guider-Projects/hack-1/sdk/Core/freertos/freertos-kernel/queue.c.obj
LOAD CMakeFiles/lvgl_guider.elf.dir/C_/NXP/GUI-Guider-Projects/hack-1/sdk/Core/freertos/freertos-kernel/stream_buffer.c.obj
LOAD CMakeFiles/lvgl_guider.elf.dir/C_/NXP/GUI-Guider-Projects/hack-1/sdk/Core/freertos/freertos-kernel/tasks.c.obj
LOAD CMakeFiles/lvgl_guider.elf.dir/C_/NXP/GUI-Guider-Projects/hack-1/sdk/Core/freertos/freertos-kernel/timers.c.obj
LOAD CMakeFiles/lvgl_guider.elf.dir/C_/NXP/GUI-Guider-Projects/hack-1/sdk/Core/freertos/freertos-kernel/portable/GCC/ARM_CM4F/port.c.obj
LOAD CMakeFiles/lvgl_guider.elf.dir/C_/NXP/GUI-Guider-Projects/hack-1/sdk/Core/freertos/freertos-kernel/portable/MemMang/heap_4.c.obj
LOAD CMakeFiles/lvgl_guider.elf.dir/C_/NXP/GUI-Guider-Projects/hack-1/sdk/Core/lvgl/lvgl/src/core/lv_disp.c.obj
LOAD CMakeFiles/lvgl_guider.elf.dir/C_/NXP/GUI-Guider-Projects/hack-1/sdk/Core/lvgl/lvgl/src/core/lv_event.c.obj
LOAD CMakeFiles/lvgl_guider.elf.dir/C_/NXP/GUI-Guider-Projects/hack-1/sdk/Core/lvgl/lvgl/src/core/lv_group.c.obj
LOAD CMakeFiles/lvgl_guider.elf.dir/C_/NXP/GUI-Guider-Projects/hack-1/sdk/Core/lvgl/lvgl/src/core/lv_indev.c.obj
LOAD CMakeFiles/lvgl_guider.elf.dir/C_/NXP/GUI-Guider-Projects/hack-1/sdk/Core/lvgl/lvgl/src/core/lv_indev_scroll.c.obj
LOAD CMakeFiles/lvgl_guider.elf.dir/C_/NXP/GUI-Guider-Projects/hack-1/sdk/Core/lvgl/lvgl/src/core/lv_obj.c.obj
LOAD CMakeFiles/lvgl_guider.elf.dir/C_/NXP/GUI-Guider-Projects/hack-1/sdk/Core/lvgl/lvgl/src/core/lv_obj_class.c.obj
LOAD CMakeFiles/lvgl_guider.elf.dir/C_/NXP/GUI-Guider-Projects/hack-1/sdk/Core/lvgl/lvgl/src/core/lv_obj_draw.c.obj
LOAD CMakeFiles/lvgl_guider.elf.dir/C_/NXP/GUI-Guider-Projects/hack-1/sdk/Core/lvgl/lvgl/src/core/lv_obj_pos.c.obj
LOAD CMakeFiles/lvgl_guider.elf.dir/C_/NXP/GUI-Guider-Projects/hack-1/sdk/Core/lvgl/lvgl/src/core/lv_obj_scroll.c.obj
LOAD CMakeFiles/lvgl_guider.elf.dir/C_/NXP/GUI-Guider-Projects/hack-1/sdk/Core/lvgl/lvgl/src/core/lv_obj_style.c.obj
LOAD CMakeFiles/lvgl_guider.elf.dir/C_/NXP/GUI-Guider-Projects/hack-1/sdk/Core/lvgl/lvgl/src/core/lv_obj_style_gen.c.obj
LOAD CMakeFiles/lvgl_guider.elf.dir/C_/NXP/GUI-Guider-Projects/hack-1/sdk/Core/lvgl/lvgl/src/core/lv_obj_tree.c.obj
LOAD CMakeFiles/lvgl_guider.elf.dir/C_/NXP/GUI-Guider-Projects/hack-1/sdk/Core/lvgl/lvgl/src/core/lv_refr.c.obj
LOAD CMakeFiles/lvgl_guider.elf.dir/C_/NXP/GUI-Guider-Projects/hack-1/sdk/Core/lvgl/lvgl/src/core/lv_theme.c.obj
LOAD CMakeFiles/lvgl_guider.elf.dir/C_/NXP/GUI-Guider-Projects/hack-1/sdk/Core/lvgl/lvgl/src/draw/lv_draw.c.obj
LOAD CMakeFiles/lvgl_guider.elf.dir/C_/NXP/GUI-Guider-Projects/hack-1/sdk/Core/lvgl/lvgl/src/draw/lv_draw_layer.c.obj
LOAD CMakeFiles/lvgl_guider.elf.dir/C_/NXP/GUI-Guider-Projects/hack-1/sdk/Core/lvgl/lvgl/src/draw/lv_draw_transform.c.obj
LOAD CMakeFiles/lvgl_guider.elf.dir/C_/NXP/GUI-Guider-Projects/hack-1/sdk/Core/lvgl/lvgl/src/draw/lv_draw_arc.c.obj
LOAD CMakeFiles/lvgl_guider.elf.dir/C_/NXP/GUI-Guider-Projects/hack-1/sdk/Core/lvgl/lvgl/src/draw/lv_draw_img.c.obj
LOAD CMakeFiles/lvgl_guider.elf.dir/C_/NXP/GUI-Guider-Projects/hack-1/sdk/Core/lvgl/lvgl/src/draw/lv_draw_label.c.obj
LOAD CMakeFiles/lvgl_guider.elf.dir/C_/NXP/GUI-Guider-Projects/hack-1/sdk/Core/lvgl/lvgl/src/draw/lv_draw_line.c.obj
LOAD CMakeFiles/lvgl_guider.elf.dir/C_/NXP/GUI-Guider-Projects/hack-1/sdk/Core/lvgl/lvgl/src/draw/lv_draw_mask.c.obj
LOAD CMakeFiles/lvgl_guider.elf.dir/C_/NXP/GUI-Guider-Projects/hack-1/sdk/Core/lvgl/lvgl/src/draw/lv_draw_rect.c.obj
LOAD CMakeFiles/lvgl_guider.elf.dir/C_/NXP/GUI-Guider-Projects/hack-1/sdk/Core/lvgl/lvgl/src/draw/lv_draw_triangle.c.obj
LOAD CMakeFiles/lvgl_guider.elf.dir/C_/NXP/GUI-Guider-Projects/hack-1/sdk/Core/lvgl/lvgl/src/draw/lv_img_buf.c.obj
LOAD CMakeFiles/lvgl_guider.elf.dir/C_/NXP/GUI-Guider-Projects/hack-1/sdk/Core/lvgl/lvgl/src/draw/lv_img_cache.c.obj
LOAD CMakeFiles/lvgl_guider.elf.dir/C_/NXP/GUI-Guider-Projects/hack-1/sdk/Core/lvgl/lvgl/src/draw/lv_img_decoder.c.obj
LOAD CMakeFiles/lvgl_guider.elf.dir/C_/NXP/GUI-Guider-Projects/hack-1/sdk/Core/lvgl/lvgl/src/draw/nxp/pxp/lv_draw_pxp.c.obj
LOAD CMakeFiles/lvgl_guider.elf.dir/C_/NXP/GUI-Guider-Projects/hack-1/sdk/Core/lvgl/lvgl/src/draw/nxp/pxp/lv_draw_pxp_blend.c.obj
LOAD CMakeFiles/lvgl_guider.elf.dir/C_/NXP/GUI-Guider-Projects/hack-1/sdk/Core/lvgl/lvgl/src/draw/nxp/pxp/lv_gpu_nxp_pxp.c.obj
LOAD CMakeFiles/lvgl_guider.elf.dir/C_/NXP/GUI-Guider-Projects/hack-1/sdk/Core/lvgl/lvgl/src/draw/nxp/pxp/lv_gpu_nxp_pxp_osa.c.obj
LOAD CMakeFiles/lvgl_guider.elf.dir/C_/NXP/GUI-Guider-Projects/hack-1/sdk/Core/lvgl/lvgl/src/draw/nxp/vglite/lv_draw_vglite.c.obj
LOAD CMakeFiles/lvgl_guider.elf.dir/C_/NXP/GUI-Guider-Projects/hack-1/sdk/Core/lvgl/lvgl/src/draw/nxp/vglite/lv_draw_vglite_blend.c.obj
LOAD CMakeFiles/lvgl_guider.elf.dir/C_/NXP/GUI-Guider-Projects/hack-1/sdk/Core/lvgl/lvgl/src/draw/nxp/vglite/lv_draw_vglite_rect.c.obj
LOAD CMakeFiles/lvgl_guider.elf.dir/C_/NXP/GUI-Guider-Projects/hack-1/sdk/Core/lvgl/lvgl/src/draw/nxp/vglite/lv_draw_vglite_line.c.obj
LOAD CMakeFiles/lvgl_guider.elf.dir/C_/NXP/GUI-Guider-Projects/hack-1/sdk/Core/lvgl/lvgl/src/draw/nxp/vglite/lv_draw_vglite_arc.c.obj
LOAD CMakeFiles/lvgl_guider.elf.dir/C_/NXP/GUI-Guider-Projects/hack-1/sdk/Core/lvgl/lvgl/src/draw/nxp/vglite/lv_vglite_buf.c.obj
LOAD CMakeFiles/lvgl_guider.elf.dir/C_/NXP/GUI-Guider-Projects/hack-1/sdk/Core/lvgl/lvgl/src/draw/nxp/vglite/lv_vglite_utils.c.obj
LOAD CMakeFiles/lvgl_guider.elf.dir/C_/NXP/GUI-Guider-Projects/hack-1/sdk/Core/lvgl/lvgl/src/draw/sdl/lv_draw_sdl.c.obj
LOAD CMakeFiles/lvgl_guider.elf.dir/C_/NXP/GUI-Guider-Projects/hack-1/sdk/Core/lvgl/lvgl/src/draw/sdl/lv_draw_sdl_arc.c.obj
LOAD CMakeFiles/lvgl_guider.elf.dir/C_/NXP/GUI-Guider-Projects/hack-1/sdk/Core/lvgl/lvgl/src/draw/sdl/lv_draw_sdl_bg.c.obj
LOAD CMakeFiles/lvgl_guider.elf.dir/C_/NXP/GUI-Guider-Projects/hack-1/sdk/Core/lvgl/lvgl/src/draw/sdl/lv_draw_sdl_composite.c.obj
LOAD CMakeFiles/lvgl_guider.elf.dir/C_/NXP/GUI-Guider-Projects/hack-1/sdk/Core/lvgl/lvgl/src/draw/sdl/lv_draw_sdl_img.c.obj
LOAD CMakeFiles/lvgl_guider.elf.dir/C_/NXP/GUI-Guider-Projects/hack-1/sdk/Core/lvgl/lvgl/src/draw/sdl/lv_draw_sdl_label.c.obj
LOAD CMakeFiles/lvgl_guider.elf.dir/C_/NXP/GUI-Guider-Projects/hack-1/sdk/Core/lvgl/lvgl/src/draw/sdl/lv_draw_sdl_mask.c.obj
LOAD CMakeFiles/lvgl_guider.elf.dir/C_/NXP/GUI-Guider-Projects/hack-1/sdk/Core/lvgl/lvgl/src/draw/sdl/lv_draw_sdl_polygon.c.obj
LOAD CMakeFiles/lvgl_guider.elf.dir/C_/NXP/GUI-Guider-Projects/hack-1/sdk/Core/lvgl/lvgl/src/draw/sdl/lv_draw_sdl_rect.c.obj
LOAD CMakeFiles/lvgl_guider.elf.dir/C_/NXP/GUI-Guider-Projects/hack-1/sdk/Core/lvgl/lvgl/src/draw/sdl/lv_draw_sdl_stack_blur.c.obj
LOAD CMakeFiles/lvgl_guider.elf.dir/C_/NXP/GUI-Guider-Projects/hack-1/sdk/Core/lvgl/lvgl/src/draw/sdl/lv_draw_sdl_texture_cache.c.obj
LOAD CMakeFiles/lvgl_guider.elf.dir/C_/NXP/GUI-Guider-Projects/hack-1/sdk/Core/lvgl/lvgl/src/draw/sdl/lv_draw_sdl_utils.c.obj
LOAD CMakeFiles/lvgl_guider.elf.dir/C_/NXP/GUI-Guider-Projects/hack-1/sdk/Core/lvgl/lvgl/src/draw/sdl/lv_draw_sdl_line.c.obj
LOAD CMakeFiles/lvgl_guider.elf.dir/C_/NXP/GUI-Guider-Projects/hack-1/sdk/Core/lvgl/lvgl/src/draw/sdl/lv_draw_sdl_layer.c.obj
LOAD CMakeFiles/lvgl_guider.elf.dir/C_/NXP/GUI-Guider-Projects/hack-1/sdk/Core/lvgl/lvgl/src/draw/stm32_dma2d/lv_gpu_stm32_dma2d.c.obj
LOAD CMakeFiles/lvgl_guider.elf.dir/C_/NXP/GUI-Guider-Projects/hack-1/sdk/Core/lvgl/lvgl/src/draw/renesas/lv_gpu_d2_ra6m3.c.obj
LOAD CMakeFiles/lvgl_guider.elf.dir/C_/NXP/GUI-Guider-Projects/hack-1/sdk/Core/lvgl/lvgl/src/draw/renesas/lv_gpu_d2_draw_label.c.obj
LOAD CMakeFiles/lvgl_guider.elf.dir/C_/NXP/GUI-Guider-Projects/hack-1/sdk/Core/lvgl/lvgl/src/draw/sw/lv_draw_sw.c.obj
LOAD CMakeFiles/lvgl_guider.elf.dir/C_/NXP/GUI-Guider-Projects/hack-1/sdk/Core/lvgl/lvgl/src/draw/sw/lv_draw_sw_arc.c.obj
LOAD CMakeFiles/lvgl_guider.elf.dir/C_/NXP/GUI-Guider-Projects/hack-1/sdk/Core/lvgl/lvgl/src/draw/sw/lv_draw_sw_blend.c.obj
LOAD CMakeFiles/lvgl_guider.elf.dir/C_/NXP/GUI-Guider-Projects/hack-1/sdk/Core/lvgl/lvgl/src/draw/sw/lv_draw_sw_dither.c.obj
LOAD CMakeFiles/lvgl_guider.elf.dir/C_/NXP/GUI-Guider-Projects/hack-1/sdk/Core/lvgl/lvgl/src/draw/sw/lv_draw_sw_gradient.c.obj
LOAD CMakeFiles/lvgl_guider.elf.dir/C_/NXP/GUI-Guider-Projects/hack-1/sdk/Core/lvgl/lvgl/src/draw/sw/lv_draw_sw_img.c.obj
LOAD CMakeFiles/lvgl_guider.elf.dir/C_/NXP/GUI-Guider-Projects/hack-1/sdk/Core/lvgl/lvgl/src/draw/sw/lv_draw_sw_letter.c.obj
LOAD CMakeFiles/lvgl_guider.elf.dir/C_/NXP/GUI-Guider-Projects/hack-1/sdk/Core/lvgl/lvgl/src/draw/sw/lv_draw_sw_line.c.obj
LOAD CMakeFiles/lvgl_guider.elf.dir/C_/NXP/GUI-Guider-Projects/hack-1/sdk/Core/lvgl/lvgl/src/draw/sw/lv_draw_sw_polygon.c.obj
LOAD CMakeFiles/lvgl_guider.elf.dir/C_/NXP/GUI-Guider-Projects/hack-1/sdk/Core/lvgl/lvgl/src/draw/sw/lv_draw_sw_rect.c.obj
LOAD CMakeFiles/lvgl_guider.elf.dir/C_/NXP/GUI-Guider-Projects/hack-1/sdk/Core/lvgl/lvgl/src/draw/sw/lv_draw_sw_transform.c.obj
LOAD CMakeFiles/lvgl_guider.elf.dir/C_/NXP/GUI-Guider-Projects/hack-1/sdk/Core/lvgl/lvgl/src/draw/sw/lv_draw_sw_layer.c.obj
LOAD CMakeFiles/lvgl_guider.elf.dir/C_/NXP/GUI-Guider-Projects/hack-1/sdk/Core/lvgl/lvgl/src/font/lv_font.c.obj
LOAD CMakeFiles/lvgl_guider.elf.dir/C_/NXP/GUI-Guider-Projects/hack-1/sdk/Core/lvgl/lvgl/src/font/lv_font_dejavu_16_persian_hebrew.c.obj
LOAD CMakeFiles/lvgl_guider.elf.dir/C_/NXP/GUI-Guider-Projects/hack-1/sdk/Core/lvgl/lvgl/src/font/lv_font_fmt_txt.c.obj
LOAD CMakeFiles/lvgl_guider.elf.dir/C_/NXP/GUI-Guider-Projects/hack-1/sdk/Core/lvgl/lvgl/src/font/lv_font_loader.c.obj
LOAD CMakeFiles/lvgl_guider.elf.dir/C_/NXP/GUI-Guider-Projects/hack-1/sdk/Core/lvgl/lvgl/src/font/lv_font_montserrat_10.c.obj
LOAD CMakeFiles/lvgl_guider.elf.dir/C_/NXP/GUI-Guider-Projects/hack-1/sdk/Core/lvgl/lvgl/src/font/lv_font_montserrat_12.c.obj
LOAD CMakeFiles/lvgl_guider.elf.dir/C_/NXP/GUI-Guider-Projects/hack-1/sdk/Core/lvgl/lvgl/src/font/lv_font_montserrat_12_subpx.c.obj
LOAD CMakeFiles/lvgl_guider.elf.dir/C_/NXP/GUI-Guider-Projects/hack-1/sdk/Core/lvgl/lvgl/src/font/lv_font_montserrat_14.c.obj
LOAD CMakeFiles/lvgl_guider.elf.dir/C_/NXP/GUI-Guider-Projects/hack-1/sdk/Core/lvgl/lvgl/src/font/lv_font_montserrat_16.c.obj
LOAD CMakeFiles/lvgl_guider.elf.dir/C_/NXP/GUI-Guider-Projects/hack-1/sdk/Core/lvgl/lvgl/src/font/lv_font_montserrat_18.c.obj
LOAD CMakeFiles/lvgl_guider.elf.dir/C_/NXP/GUI-Guider-Projects/hack-1/sdk/Core/lvgl/lvgl/src/font/lv_font_montserrat_20.c.obj
LOAD CMakeFiles/lvgl_guider.elf.dir/C_/NXP/GUI-Guider-Projects/hack-1/sdk/Core/lvgl/lvgl/src/font/lv_font_montserrat_22.c.obj
LOAD CMakeFiles/lvgl_guider.elf.dir/C_/NXP/GUI-Guider-Projects/hack-1/sdk/Core/lvgl/lvgl/src/font/lv_font_montserrat_24.c.obj
LOAD CMakeFiles/lvgl_guider.elf.dir/C_/NXP/GUI-Guider-Projects/hack-1/sdk/Core/lvgl/lvgl/src/font/lv_font_montserrat_26.c.obj
LOAD CMakeFiles/lvgl_guider.elf.dir/C_/NXP/GUI-Guider-Projects/hack-1/sdk/Core/lvgl/lvgl/src/font/lv_font_montserrat_28.c.obj
LOAD CMakeFiles/lvgl_guider.elf.dir/C_/NXP/GUI-Guider-Projects/hack-1/sdk/Core/lvgl/lvgl/src/font/lv_font_montserrat_28_compressed.c.obj
LOAD CMakeFiles/lvgl_guider.elf.dir/C_/NXP/GUI-Guider-Projects/hack-1/sdk/Core/lvgl/lvgl/src/font/lv_font_montserrat_30.c.obj
LOAD CMakeFiles/lvgl_guider.elf.dir/C_/NXP/GUI-Guider-Projects/hack-1/sdk/Core/lvgl/lvgl/src/font/lv_font_montserrat_32.c.obj
LOAD CMakeFiles/lvgl_guider.elf.dir/C_/NXP/GUI-Guider-Projects/hack-1/sdk/Core/lvgl/lvgl/src/font/lv_font_montserrat_34.c.obj
LOAD CMakeFiles/lvgl_guider.elf.dir/C_/NXP/GUI-Guider-Projects/hack-1/sdk/Core/lvgl/lvgl/src/font/lv_font_montserrat_36.c.obj
LOAD CMakeFiles/lvgl_guider.elf.dir/C_/NXP/GUI-Guider-Projects/hack-1/sdk/Core/lvgl/lvgl/src/font/lv_font_montserrat_38.c.obj
LOAD CMakeFiles/lvgl_guider.elf.dir/C_/NXP/GUI-Guider-Projects/hack-1/sdk/Core/lvgl/lvgl/src/font/lv_font_montserrat_40.c.obj
LOAD CMakeFiles/lvgl_guider.elf.dir/C_/NXP/GUI-Guider-Projects/hack-1/sdk/Core/lvgl/lvgl/src/font/lv_font_montserrat_42.c.obj
LOAD CMakeFiles/lvgl_guider.elf.dir/C_/NXP/GUI-Guider-Projects/hack-1/sdk/Core/lvgl/lvgl/src/font/lv_font_montserrat_44.c.obj
LOAD CMakeFiles/lvgl_guider.elf.dir/C_/NXP/GUI-Guider-Projects/hack-1/sdk/Core/lvgl/lvgl/src/font/lv_font_montserrat_46.c.obj
LOAD CMakeFiles/lvgl_guider.elf.dir/C_/NXP/GUI-Guider-Projects/hack-1/sdk/Core/lvgl/lvgl/src/font/lv_font_montserrat_48.c.obj
LOAD CMakeFiles/lvgl_guider.elf.dir/C_/NXP/GUI-Guider-Projects/hack-1/sdk/Core/lvgl/lvgl/src/font/lv_font_montserrat_8.c.obj
LOAD CMakeFiles/lvgl_guider.elf.dir/C_/NXP/GUI-Guider-Projects/hack-1/sdk/Core/lvgl/lvgl/src/font/lv_font_simsun_16_cjk.c.obj
LOAD CMakeFiles/lvgl_guider.elf.dir/C_/NXP/GUI-Guider-Projects/hack-1/sdk/Core/lvgl/lvgl/src/font/lv_font_unscii_16.c.obj
LOAD CMakeFiles/lvgl_guider.elf.dir/C_/NXP/GUI-Guider-Projects/hack-1/sdk/Core/lvgl/lvgl/src/font/lv_font_unscii_8.c.obj
LOAD CMakeFiles/lvgl_guider.elf.dir/C_/NXP/GUI-Guider-Projects/hack-1/sdk/Core/lvgl/lvgl/src/hal/lv_hal_disp.c.obj
LOAD CMakeFiles/lvgl_guider.elf.dir/C_/NXP/GUI-Guider-Projects/hack-1/sdk/Core/lvgl/lvgl/src/hal/lv_hal_indev.c.obj
LOAD CMakeFiles/lvgl_guider.elf.dir/C_/NXP/GUI-Guider-Projects/hack-1/sdk/Core/lvgl/lvgl/src/hal/lv_hal_tick.c.obj
LOAD CMakeFiles/lvgl_guider.elf.dir/C_/NXP/GUI-Guider-Projects/hack-1/sdk/Core/lvgl/lvgl/src/misc/lv_anim.c.obj
LOAD CMakeFiles/lvgl_guider.elf.dir/C_/NXP/GUI-Guider-Projects/hack-1/sdk/Core/lvgl/lvgl/src/misc/lv_anim_timeline.c.obj
LOAD CMakeFiles/lvgl_guider.elf.dir/C_/NXP/GUI-Guider-Projects/hack-1/sdk/Core/lvgl/lvgl/src/misc/lv_area.c.obj
LOAD CMakeFiles/lvgl_guider.elf.dir/C_/NXP/GUI-Guider-Projects/hack-1/sdk/Core/lvgl/lvgl/src/misc/lv_async.c.obj
LOAD CMakeFiles/lvgl_guider.elf.dir/C_/NXP/GUI-Guider-Projects/hack-1/sdk/Core/lvgl/lvgl/src/misc/lv_bidi.c.obj
LOAD CMakeFiles/lvgl_guider.elf.dir/C_/NXP/GUI-Guider-Projects/hack-1/sdk/Core/lvgl/lvgl/src/misc/lv_color.c.obj
LOAD CMakeFiles/lvgl_guider.elf.dir/C_/NXP/GUI-Guider-Projects/hack-1/sdk/Core/lvgl/lvgl/src/misc/lv_fs.c.obj
LOAD CMakeFiles/lvgl_guider.elf.dir/C_/NXP/GUI-Guider-Projects/hack-1/sdk/Core/lvgl/lvgl/src/misc/lv_gc.c.obj
LOAD CMakeFiles/lvgl_guider.elf.dir/C_/NXP/GUI-Guider-Projects/hack-1/sdk/Core/lvgl/lvgl/src/misc/lv_ll.c.obj
LOAD CMakeFiles/lvgl_guider.elf.dir/C_/NXP/GUI-Guider-Projects/hack-1/sdk/Core/lvgl/lvgl/src/misc/lv_log.c.obj
LOAD CMakeFiles/lvgl_guider.elf.dir/C_/NXP/GUI-Guider-Projects/hack-1/sdk/Core/lvgl/lvgl/src/misc/lv_math.c.obj
LOAD CMakeFiles/lvgl_guider.elf.dir/C_/NXP/GUI-Guider-Projects/hack-1/sdk/Core/lvgl/lvgl/src/misc/lv_mem.c.obj
LOAD CMakeFiles/lvgl_guider.elf.dir/C_/NXP/GUI-Guider-Projects/hack-1/sdk/Core/lvgl/lvgl/src/misc/lv_printf.c.obj
LOAD CMakeFiles/lvgl_guider.elf.dir/C_/NXP/GUI-Guider-Projects/hack-1/sdk/Core/lvgl/lvgl/src/misc/lv_style.c.obj
LOAD CMakeFiles/lvgl_guider.elf.dir/C_/NXP/GUI-Guider-Projects/hack-1/sdk/Core/lvgl/lvgl/src/misc/lv_style_gen.c.obj
LOAD CMakeFiles/lvgl_guider.elf.dir/C_/NXP/GUI-Guider-Projects/hack-1/sdk/Core/lvgl/lvgl/src/misc/lv_templ.c.obj
LOAD CMakeFiles/lvgl_guider.elf.dir/C_/NXP/GUI-Guider-Projects/hack-1/sdk/Core/lvgl/lvgl/src/misc/lv_timer.c.obj
LOAD CMakeFiles/lvgl_guider.elf.dir/C_/NXP/GUI-Guider-Projects/hack-1/sdk/Core/lvgl/lvgl/src/misc/lv_tlsf.c.obj
LOAD CMakeFiles/lvgl_guider.elf.dir/C_/NXP/GUI-Guider-Projects/hack-1/sdk/Core/lvgl/lvgl/src/misc/lv_txt_ap.c.obj
LOAD CMakeFiles/lvgl_guider.elf.dir/C_/NXP/GUI-Guider-Projects/hack-1/sdk/Core/lvgl/lvgl/src/misc/lv_txt.c.obj
LOAD CMakeFiles/lvgl_guider.elf.dir/C_/NXP/GUI-Guider-Projects/hack-1/sdk/Core/lvgl/lvgl/src/misc/lv_utils.c.obj
LOAD CMakeFiles/lvgl_guider.elf.dir/C_/NXP/GUI-Guider-Projects/hack-1/sdk/Core/lvgl/lvgl/src/misc/lv_lru.c.obj
LOAD CMakeFiles/lvgl_guider.elf.dir/C_/NXP/GUI-Guider-Projects/hack-1/sdk/Core/lvgl/lvgl/src/widgets/lv_arc.c.obj
LOAD CMakeFiles/lvgl_guider.elf.dir/C_/NXP/GUI-Guider-Projects/hack-1/sdk/Core/lvgl/lvgl/src/widgets/lv_bar.c.obj
LOAD CMakeFiles/lvgl_guider.elf.dir/C_/NXP/GUI-Guider-Projects/hack-1/sdk/Core/lvgl/lvgl/src/widgets/lv_btn.c.obj
LOAD CMakeFiles/lvgl_guider.elf.dir/C_/NXP/GUI-Guider-Projects/hack-1/sdk/Core/lvgl/lvgl/src/widgets/lv_btnmatrix.c.obj
LOAD CMakeFiles/lvgl_guider.elf.dir/C_/NXP/GUI-Guider-Projects/hack-1/sdk/Core/lvgl/lvgl/src/widgets/lv_canvas.c.obj
LOAD CMakeFiles/lvgl_guider.elf.dir/C_/NXP/GUI-Guider-Projects/hack-1/sdk/Core/lvgl/lvgl/src/widgets/lv_checkbox.c.obj
LOAD CMakeFiles/lvgl_guider.elf.dir/C_/NXP/GUI-Guider-Projects/hack-1/sdk/Core/lvgl/lvgl/src/widgets/lv_dropdown.c.obj
LOAD CMakeFiles/lvgl_guider.elf.dir/C_/NXP/GUI-Guider-Projects/hack-1/sdk/Core/lvgl/lvgl/src/widgets/lv_img.c.obj
LOAD CMakeFiles/lvgl_guider.elf.dir/C_/NXP/GUI-Guider-Projects/hack-1/sdk/Core/lvgl/lvgl/src/widgets/lv_label.c.obj
LOAD CMakeFiles/lvgl_guider.elf.dir/C_/NXP/GUI-Guider-Projects/hack-1/sdk/Core/lvgl/lvgl/src/widgets/lv_line.c.obj
LOAD CMakeFiles/lvgl_guider.elf.dir/C_/NXP/GUI-Guider-Projects/hack-1/sdk/Core/lvgl/lvgl/src/widgets/lv_objx_templ.c.obj
LOAD CMakeFiles/lvgl_guider.elf.dir/C_/NXP/GUI-Guider-Projects/hack-1/sdk/Core/lvgl/lvgl/src/widgets/lv_roller.c.obj
LOAD CMakeFiles/lvgl_guider.elf.dir/C_/NXP/GUI-Guider-Projects/hack-1/sdk/Core/lvgl/lvgl/src/widgets/lv_slider.c.obj
LOAD CMakeFiles/lvgl_guider.elf.dir/C_/NXP/GUI-Guider-Projects/hack-1/sdk/Core/lvgl/lvgl/src/widgets/lv_switch.c.obj
LOAD CMakeFiles/lvgl_guider.elf.dir/C_/NXP/GUI-Guider-Projects/hack-1/sdk/Core/lvgl/lvgl/src/widgets/lv_table.c.obj
LOAD CMakeFiles/lvgl_guider.elf.dir/C_/NXP/GUI-Guider-Projects/hack-1/sdk/Core/lvgl/lvgl/src/widgets/lv_textarea.c.obj
LOAD CMakeFiles/lvgl_guider.elf.dir/C_/NXP/GUI-Guider-Projects/hack-1/sdk/Core/lvgl/lvgl/src/extra/layouts/flex/lv_flex.c.obj
LOAD CMakeFiles/lvgl_guider.elf.dir/C_/NXP/GUI-Guider-Projects/hack-1/sdk/Core/lvgl/lvgl/src/extra/layouts/grid/lv_grid.c.obj
LOAD CMakeFiles/lvgl_guider.elf.dir/C_/NXP/GUI-Guider-Projects/hack-1/sdk/Core/lvgl/lvgl/src/extra/libs/barcode/lv_barcode.c.obj
LOAD CMakeFiles/lvgl_guider.elf.dir/C_/NXP/GUI-Guider-Projects/hack-1/sdk/Core/lvgl/lvgl/src/extra/libs/barcode/code128.c.obj
LOAD CMakeFiles/lvgl_guider.elf.dir/C_/NXP/GUI-Guider-Projects/hack-1/sdk/Core/lvgl/lvgl/src/extra/libs/bmp/lv_bmp.c.obj
LOAD CMakeFiles/lvgl_guider.elf.dir/C_/NXP/GUI-Guider-Projects/hack-1/sdk/Core/lvgl/lvgl/src/extra/libs/freetype/lv_freetype.c.obj
LOAD CMakeFiles/lvgl_guider.elf.dir/C_/NXP/GUI-Guider-Projects/hack-1/sdk/Core/lvgl/lvgl/src/extra/libs/fsdrv/lv_fs_fatfs.c.obj
LOAD CMakeFiles/lvgl_guider.elf.dir/C_/NXP/GUI-Guider-Projects/hack-1/sdk/Core/lvgl/lvgl/src/extra/libs/fsdrv/lv_fs_rawfs.c.obj
LOAD CMakeFiles/lvgl_guider.elf.dir/C_/NXP/GUI-Guider-Projects/hack-1/sdk/Core/lvgl/lvgl/src/extra/libs/fsdrv/lv_fs_posix.c.obj
LOAD CMakeFiles/lvgl_guider.elf.dir/C_/NXP/GUI-Guider-Projects/hack-1/sdk/Core/lvgl/lvgl/src/extra/libs/fsdrv/lv_fs_stdio.c.obj
LOAD CMakeFiles/lvgl_guider.elf.dir/C_/NXP/GUI-Guider-Projects/hack-1/sdk/Core/lvgl/lvgl/src/extra/libs/fsdrv/lv_fs_win32.c.obj
LOAD CMakeFiles/lvgl_guider.elf.dir/C_/NXP/GUI-Guider-Projects/hack-1/sdk/Core/lvgl/lvgl/src/extra/libs/gif/gifdec.c.obj
LOAD CMakeFiles/lvgl_guider.elf.dir/C_/NXP/GUI-Guider-Projects/hack-1/sdk/Core/lvgl/lvgl/src/extra/libs/gif/lv_gif.c.obj
LOAD CMakeFiles/lvgl_guider.elf.dir/C_/NXP/GUI-Guider-Projects/hack-1/sdk/Core/lvgl/lvgl/src/extra/libs/png/lodepng.c.obj
LOAD CMakeFiles/lvgl_guider.elf.dir/C_/NXP/GUI-Guider-Projects/hack-1/sdk/Core/lvgl/lvgl/src/extra/libs/png/lv_png.c.obj
LOAD CMakeFiles/lvgl_guider.elf.dir/C_/NXP/GUI-Guider-Projects/hack-1/sdk/Core/lvgl/lvgl/src/extra/libs/qrcode/lv_qrcode.c.obj
LOAD CMakeFiles/lvgl_guider.elf.dir/C_/NXP/GUI-Guider-Projects/hack-1/sdk/Core/lvgl/lvgl/src/extra/libs/qrcode/qrcodegen.c.obj
LOAD CMakeFiles/lvgl_guider.elf.dir/C_/NXP/GUI-Guider-Projects/hack-1/sdk/Core/lvgl/lvgl/src/extra/libs/rlottie/lv_rlottie.c.obj
LOAD CMakeFiles/lvgl_guider.elf.dir/C_/NXP/GUI-Guider-Projects/hack-1/sdk/Core/lvgl/lvgl/src/extra/libs/sjpg/lv_sjpg.c.obj
LOAD CMakeFiles/lvgl_guider.elf.dir/C_/NXP/GUI-Guider-Projects/hack-1/sdk/Core/lvgl/lvgl/src/extra/libs/sjpg/tjpgd.c.obj
LOAD CMakeFiles/lvgl_guider.elf.dir/C_/NXP/GUI-Guider-Projects/hack-1/sdk/Core/lvgl/lvgl/src/extra/libs/ffmpeg/lv_ffmpeg.c.obj
LOAD CMakeFiles/lvgl_guider.elf.dir/C_/NXP/GUI-Guider-Projects/hack-1/sdk/Core/lvgl/lvgl/src/extra/lv_extra.c.obj
LOAD CMakeFiles/lvgl_guider.elf.dir/C_/NXP/GUI-Guider-Projects/hack-1/sdk/Core/lvgl/lvgl/src/extra/others/snapshot/lv_snapshot.c.obj
LOAD CMakeFiles/lvgl_guider.elf.dir/C_/NXP/GUI-Guider-Projects/hack-1/sdk/Core/lvgl/lvgl/src/extra/others/gridnav/lv_gridnav.c.obj
LOAD CMakeFiles/lvgl_guider.elf.dir/C_/NXP/GUI-Guider-Projects/hack-1/sdk/Core/lvgl/lvgl/src/extra/others/monkey/lv_monkey.c.obj
LOAD CMakeFiles/lvgl_guider.elf.dir/C_/NXP/GUI-Guider-Projects/hack-1/sdk/Core/lvgl/lvgl/src/extra/others/fragment/lv_fragment.c.obj
LOAD CMakeFiles/lvgl_guider.elf.dir/C_/NXP/GUI-Guider-Projects/hack-1/sdk/Core/lvgl/lvgl/src/extra/others/fragment/lv_fragment_manager.c.obj
LOAD CMakeFiles/lvgl_guider.elf.dir/C_/NXP/GUI-Guider-Projects/hack-1/sdk/Core/lvgl/lvgl/src/extra/others/ime/lv_ime_pinyin.c.obj
LOAD CMakeFiles/lvgl_guider.elf.dir/C_/NXP/GUI-Guider-Projects/hack-1/sdk/Core/lvgl/lvgl/src/extra/others/imgfont/lv_imgfont.c.obj
LOAD CMakeFiles/lvgl_guider.elf.dir/C_/NXP/GUI-Guider-Projects/hack-1/sdk/Core/lvgl/lvgl/src/extra/others/msg/lv_msg.c.obj
LOAD CMakeFiles/lvgl_guider.elf.dir/C_/NXP/GUI-Guider-Projects/hack-1/sdk/Core/lvgl/lvgl/src/extra/themes/basic/lv_theme_basic.c.obj
LOAD CMakeFiles/lvgl_guider.elf.dir/C_/NXP/GUI-Guider-Projects/hack-1/sdk/Core/lvgl/lvgl/src/extra/themes/default/lv_theme_default.c.obj
LOAD CMakeFiles/lvgl_guider.elf.dir/C_/NXP/GUI-Guider-Projects/hack-1/sdk/Core/lvgl/lvgl/src/extra/themes/mono/lv_theme_mono.c.obj
LOAD CMakeFiles/lvgl_guider.elf.dir/C_/NXP/GUI-Guider-Projects/hack-1/sdk/Core/lvgl/lvgl/src/extra/widgets/analogclock/lv_analogclock.c.obj
LOAD CMakeFiles/lvgl_guider.elf.dir/C_/NXP/GUI-Guider-Projects/hack-1/sdk/Core/lvgl/lvgl/src/extra/widgets/animimg/lv_animimg.c.obj
LOAD CMakeFiles/lvgl_guider.elf.dir/C_/NXP/GUI-Guider-Projects/hack-1/sdk/Core/lvgl/lvgl/src/extra/widgets/calendar/lv_calendar.c.obj
LOAD CMakeFiles/lvgl_guider.elf.dir/C_/NXP/GUI-Guider-Projects/hack-1/sdk/Core/lvgl/lvgl/src/extra/widgets/calendar/lv_calendar_header_arrow.c.obj
LOAD CMakeFiles/lvgl_guider.elf.dir/C_/NXP/GUI-Guider-Projects/hack-1/sdk/Core/lvgl/lvgl/src/extra/widgets/calendar/lv_calendar_header_dropdown.c.obj
LOAD CMakeFiles/lvgl_guider.elf.dir/C_/NXP/GUI-Guider-Projects/hack-1/sdk/Core/lvgl/lvgl/src/extra/widgets/carousel/lv_carousel.c.obj
LOAD CMakeFiles/lvgl_guider.elf.dir/C_/NXP/GUI-Guider-Projects/hack-1/sdk/Core/lvgl/lvgl/src/extra/widgets/chart/lv_chart.c.obj
LOAD CMakeFiles/lvgl_guider.elf.dir/C_/NXP/GUI-Guider-Projects/hack-1/sdk/Core/lvgl/lvgl/src/extra/widgets/colorwheel/lv_colorwheel.c.obj
LOAD CMakeFiles/lvgl_guider.elf.dir/C_/NXP/GUI-Guider-Projects/hack-1/sdk/Core/lvgl/lvgl/src/extra/widgets/dclock/lv_dclock.c.obj
LOAD CMakeFiles/lvgl_guider.elf.dir/C_/NXP/GUI-Guider-Projects/hack-1/sdk/Core/lvgl/lvgl/src/extra/widgets/imgbtn/lv_imgbtn.c.obj
LOAD CMakeFiles/lvgl_guider.elf.dir/C_/NXP/GUI-Guider-Projects/hack-1/sdk/Core/lvgl/lvgl/src/extra/widgets/keyboard/lv_keyboard.c.obj
LOAD CMakeFiles/lvgl_guider.elf.dir/C_/NXP/GUI-Guider-Projects/hack-1/sdk/Core/lvgl/lvgl/src/extra/widgets/keyboard/lv_zh_keyboard.c.obj
LOAD CMakeFiles/lvgl_guider.elf.dir/C_/NXP/GUI-Guider-Projects/hack-1/sdk/Core/lvgl/lvgl/src/extra/widgets/led/lv_led.c.obj
LOAD CMakeFiles/lvgl_guider.elf.dir/C_/NXP/GUI-Guider-Projects/hack-1/sdk/Core/lvgl/lvgl/src/extra/widgets/list/lv_list.c.obj
LOAD CMakeFiles/lvgl_guider.elf.dir/C_/NXP/GUI-Guider-Projects/hack-1/sdk/Core/lvgl/lvgl/src/extra/widgets/meter/lv_meter.c.obj
LOAD CMakeFiles/lvgl_guider.elf.dir/C_/NXP/GUI-Guider-Projects/hack-1/sdk/Core/lvgl/lvgl/src/extra/widgets/msgbox/lv_msgbox.c.obj
LOAD CMakeFiles/lvgl_guider.elf.dir/C_/NXP/GUI-Guider-Projects/hack-1/sdk/Core/lvgl/lvgl/src/extra/widgets/radiobtn/lv_radiobtn.c.obj
LOAD CMakeFiles/lvgl_guider.elf.dir/C_/NXP/GUI-Guider-Projects/hack-1/sdk/Core/lvgl/lvgl/src/extra/widgets/span/lv_span.c.obj
LOAD CMakeFiles/lvgl_guider.elf.dir/C_/NXP/GUI-Guider-Projects/hack-1/sdk/Core/lvgl/lvgl/src/extra/widgets/spinbox/lv_spinbox.c.obj
LOAD CMakeFiles/lvgl_guider.elf.dir/C_/NXP/GUI-Guider-Projects/hack-1/sdk/Core/lvgl/lvgl/src/extra/widgets/spinner/lv_spinner.c.obj
LOAD CMakeFiles/lvgl_guider.elf.dir/C_/NXP/GUI-Guider-Projects/hack-1/sdk/Core/lvgl/lvgl/src/extra/widgets/tabview/lv_tabview.c.obj
LOAD CMakeFiles/lvgl_guider.elf.dir/C_/NXP/GUI-Guider-Projects/hack-1/sdk/Core/lvgl/lvgl/src/extra/widgets/textprogress/lv_textprogress.c.obj
LOAD CMakeFiles/lvgl_guider.elf.dir/C_/NXP/GUI-Guider-Projects/hack-1/sdk/Core/lvgl/lvgl/src/extra/widgets/tileview/lv_tileview.c.obj
LOAD CMakeFiles/lvgl_guider.elf.dir/C_/NXP/GUI-Guider-Projects/hack-1/sdk/Core/lvgl/lvgl/src/extra/widgets/video/lv_video.c.obj
LOAD CMakeFiles/lvgl_guider.elf.dir/C_/NXP/GUI-Guider-Projects/hack-1/sdk/Core/lvgl/lvgl/src/extra/widgets/win/lv_win.c.obj
LOAD CMakeFiles/lvgl_guider.elf.dir/C_/NXP/GUI-Guider-Projects/hack-1/sdk/Core/lvgl/lvgl/src/extra/widgets/menu/lv_menu.c.obj
LOAD CMakeFiles/lvgl_guider.elf.dir/C_/NXP/GUI-Guider-Projects/hack-1/sdk/Core/sdmmc/src/fsl_sdmmc_common.c.obj
LOAD CMakeFiles/lvgl_guider.elf.dir/C_/NXP/GUI-Guider-Projects/hack-1/sdk/Core/sdmmc/host/fsl_sdmmc_host.c.obj
LOAD CMakeFiles/lvgl_guider.elf.dir/C_/NXP/GUI-Guider-Projects/hack-1/sdk/Core/sdmmc/osa/fsl_sdmmc_osa.c.obj
LOAD CMakeFiles/lvgl_guider.elf.dir/C_/NXP/GUI-Guider-Projects/hack-1/sdk/Core/sdmmc/src/fsl_sd.c.obj
LOAD CMakeFiles/lvgl_guider.elf.dir/C_/NXP/GUI-Guider-Projects/hack-1/sdk/Core/utilities/fsl_sbrk.c.obj
LOAD CMakeFiles/lvgl_guider.elf.dir/C_/NXP/GUI-Guider-Projects/hack-1/sdk/Core/utilities/fsl_syscall_stub.c.obj
LOAD CMakeFiles/lvgl_guider.elf.dir/C_/NXP/GUI-Guider-Projects/hack-1/sdk/Core/utilities/fsl_memcpy.S.obj
LOAD CMakeFiles/lvgl_guider.elf.dir/C_/NXP/GUI-Guider-Projects/hack-1/sdk/Core/utilities/fsl_assert.c.obj
LOAD CMakeFiles/lvgl_guider.elf.dir/C_/NXP/GUI-Guider-Projects/hack-1/sdk/Core/utilities/fsl_debug_console.c.obj
LOAD CMakeFiles/lvgl_guider.elf.dir/C_/NXP/GUI-Guider-Projects/hack-1/sdk/Core/utilities/fsl_str.c.obj
START GROUP
LOAD C:/NXP/MCUXpressoIDE_11.10.0_3148/ide/tools/bin/../lib/gcc/arm-none-eabi/13.2.1/thumb/v7e-m+dp/hard\libgcc.a
LOAD C:/NXP/MCUXpressoIDE_11.10.0_3148/ide/tools/bin/../lib/gcc/arm-none-eabi/13.2.1/thumb/v7e-m+dp/hard\libnosys.a
END GROUP
LOAD C:/NXP/MCUXpressoIDE_11.10.0_3148/ide/tools/bin/../lib/gcc/arm-none-eabi/13.2.1/thumb/v7e-m+dp/hard\libstdc++_nano.a
LOAD C:/NXP/MCUXpressoIDE_11.10.0_3148/ide/tools/bin/../lib/gcc/arm-none-eabi/13.2.1/thumb/v7e-m+dp/hard\libm.a
LOAD C:/NXP/MCUXpressoIDE_11.10.0_3148/ide/tools/bin/../lib/gcc/arm-none-eabi/13.2.1/thumb/v7e-m+dp/hard\libc_nano.a
START GROUP
LOAD C:/NXP/MCUXpressoIDE_11.10.0_3148/ide/tools/bin/../lib/gcc/arm-none-eabi/13.2.1/thumb/v7e-m+dp/hard\libgcc.a
LOAD C:/NXP/MCUXpressoIDE_11.10.0_3148/ide/tools/bin/../lib/gcc/arm-none-eabi/13.2.1/thumb/v7e-m+dp/hard\libc_nano.a
END GROUP
START GROUP
LOAD C:/NXP/MCUXpressoIDE_11.10.0_3148/ide/tools/bin/../lib/gcc/arm-none-eabi/13.2.1/thumb/v7e-m+dp/hard\libgcc.a
LOAD C:/NXP/MCUXpressoIDE_11.10.0_3148/ide/tools/bin/../lib/gcc/arm-none-eabi/13.2.1/thumb/v7e-m+dp/hard\libc_nano.a
LOAD C:/NXP/MCUXpressoIDE_11.10.0_3148/ide/tools/bin/../lib/gcc/arm-none-eabi/13.2.1/thumb/v7e-m+dp/hard\libnosys.a
END GROUP
START GROUP
LOAD C:/NXP/MCUXpressoIDE_11.10.0_3148/ide/tools/bin/../lib/gcc/arm-none-eabi/13.2.1/thumb/v7e-m+dp/hard\libgcc.a
LOAD C:/NXP/MCUXpressoIDE_11.10.0_3148/ide/tools/bin/../lib/gcc/arm-none-eabi/13.2.1/thumb/v7e-m+dp/hard\libc_nano.a
LOAD C:/NXP/MCUXpressoIDE_11.10.0_3148/ide/tools/bin/../lib/gcc/arm-none-eabi/13.2.1/thumb/v7e-m+dp/hard\libnosys.a
END GROUP
LOAD C:/NXP/MCUXpressoIDE_11.10.0_3148/ide/tools/bin/../lib/gcc/arm-none-eabi/13.2.1/thumb/v7e-m+dp/hard/crtend.o
LOAD C:/NXP/MCUXpressoIDE_11.10.0_3148/ide/tools/bin/../lib/gcc/arm-none-eabi/13.2.1/thumb/v7e-m+dp/hard/crtn.o
                0x01800000                        HEAP_SIZE = DEFINED (__heap_size__)?__heap_size__:0x400
                0x00001000                        STACK_SIZE = DEFINED (__stack_size__)?__stack_size__:0x400
                0x00000000                        VECTOR_RAM_SIZE = DEFINED (__ram_vector_table__)?0x400:0x0
                0x80600000                        NCACHE_HEAP_START = DEFINED (__heap_noncacheable__)?(0x82000000 - HEAP_SIZE):(0x81e00000 - HEAP_SIZE)
                0x00000000                        NCACHE_HEAP_SIZE = DEFINED (__heap_noncacheable__)?HEAP_SIZE:0x0
                0x007fdc00                        TEXT_SIZE = DEFINED (__use_flash16MB__)?0xffdc00:0x7fdc00
                0x81e00000                        __NCACHE_REGION_START = ORIGIN (m_ncache)
                0x00200000                        __NCACHE_REGION_SIZE = (LENGTH (m_ncache) + NCACHE_HEAP_SIZE)

.flash_config   0x60000000      0x200
                0x60000000                        . = ALIGN (0x4)
                0x60000000                        __FLASH_BASE = .
 *(.boot_hdr.conf)
 .boot_hdr.conf
                0x60000000      0x200 CMakeFiles/lvgl_guider.elf.dir/C_/NXP/GUI-Guider-Projects/hack-1/sdk/Core/xip/evkbmimxrt1060_flexspi_nor_config.c.obj
                0x60000000                qspiflash_config
                0x60000200                        . = ALIGN (0x4)
                0x60001000                        ivt_begin = (ORIGIN (m_flash_config) + LENGTH (m_flash_config))

.ivt            0x60001000      0x440
                0x60001000                        . = ALIGN (0x4)
 *(.boot_hdr.ivt)
 .boot_hdr.ivt  0x60001000       0x20 CMakeFiles/lvgl_guider.elf.dir/C_/NXP/GUI-Guider-Projects/hack-1/sdk/Core/xip/fsl_flexspi_nor_boot.c.obj
                0x60001000                image_vector_table
 *(.boot_hdr.boot_data)
 .boot_hdr.boot_data
                0x60001020       0x10 CMakeFiles/lvgl_guider.elf.dir/C_/NXP/GUI-Guider-Projects/hack-1/sdk/Core/xip/fsl_flexspi_nor_boot.c.obj
                0x60001020                g_boot_data
 *(.boot_hdr.dcd_data)
 .boot_hdr.dcd_data
                0x60001030      0x410 CMakeFiles/lvgl_guider.elf.dir/C_/NXP/GUI-Guider-Projects/hack-1/sdk/Core/board/dcd.c.obj
                0x60001030                dcd_data
                0x60001440                        . = ALIGN (0x4)

.interrupts     0x60002000      0x400
                0x60002000                        __VECTOR_TABLE = .
                0x60002000                        __Vectors = .
                0x60002000                        . = ALIGN (0x4)
 *(.isr_vector)
 .isr_vector    0x60002000      0x400 CMakeFiles/lvgl_guider.elf.dir/startup/startup_MIMXRT1062.S.obj
                0x60002000                __isr_vector
                0x60002400                        . = ALIGN (0x4)

.text           0x60002400   0x142680
                0x60002400                        . = ALIGN (0x4)
 *(.text)
 .text          0x60002400       0x7c C:/NXP/MCUXpressoIDE_11.10.0_3148/ide/tools/bin/../lib/gcc/arm-none-eabi/13.2.1/thumb/v7e-m+dp/hard/crt0.o
                0x60002400                _stack_init
                0x60002408                _start
                0x60002408                _mainCRTStartup
 .text          0x6000247c      0x274 CMakeFiles/lvgl_guider.elf.dir/startup/startup_MIMXRT1062.S.obj
                0x6000247c                Reset_Handler
                0x60002524                PWM1_3_IRQHandler
                0x60002524                FLEXSPI2_DriverIRQHandler
                0x60002524                LPSPI2_DriverIRQHandler
                0x60002524                SJC_IRQHandler
                0x60002524                ADC_ETC_IRQ0_IRQHandler
                0x60002524                DebugMon_Handler
                0x60002524                SAI3_RX_DriverIRQHandler
                0x60002524                PXP_IRQHandler
                0x60002524                DMA13_DMA29_DriverIRQHandler
                0x60002524                CTI1_ERROR_IRQHandler
                0x60002524                Reserved86_IRQHandler
                0x60002524                SRC_IRQHandler
                0x60002524                LPSPI4_DriverIRQHandler
                0x60002524                PWM3_FAULT_IRQHandler
                0x60002524                SPDIF_DriverIRQHandler
                0x60002524                GPIO1_INT2_IRQHandler
                0x60002524                CSI_IRQHandler
                0x60002524                ENET2_DriverIRQHandler
                0x60002524                SNVS_LP_WRAPPER_IRQHandler
                0x60002524                ENC2_IRQHandler
                0x60002524                PWM2_2_IRQHandler
                0x60002524                TRNG_IRQHandler
                0x60002524                PWM4_FAULT_IRQHandler
                0x60002524                TMR1_IRQHandler
                0x60002524                GPIO1_INT7_IRQHandler
                0x60002524                CCM_1_IRQHandler
                0x60002524                CAN1_DriverIRQHandler
                0x60002524                CAN3_DriverIRQHandler
                0x60002524                ADC_ETC_IRQ1_IRQHandler
                0x60002524                PWM4_0_IRQHandler
                0x60002524                DMA_ERROR_DriverIRQHandler
                0x60002524                ENC4_IRQHandler
                0x60002524                LPSPI3_DriverIRQHandler
                0x60002524                DMA7_DMA23_DriverIRQHandler
                0x60002524                CTI0_ERROR_IRQHandler
                0x60002524                PWM1_0_IRQHandler
                0x60002524                Reserved68_IRQHandler
                0x60002524                DMA15_DMA31_DriverIRQHandler
                0x60002524                USB_PHY2_IRQHandler
                0x60002524                BusFault_Handler
                0x60002524                TSC_DIG_IRQHandler
                0x60002524                ACMP1_IRQHandler
                0x60002524                DMA5_DMA21_DriverIRQHandler
                0x60002524                FLEXRAM_IRQHandler
                0x60002524                PWM2_0_IRQHandler
                0x60002524                DCP_VMI_IRQHandler
                0x60002524                GPT2_IRQHandler
                0x60002524                DMA14_DMA30_DriverIRQHandler
                0x60002524                ACMP2_IRQHandler
                0x60002524                ENET_1588_Timer_DriverIRQHandler
                0x60002524                FLEXIO3_DriverIRQHandler
                0x60002524                PWM2_1_IRQHandler
                0x60002524                SAI3_TX_DriverIRQHandler
                0x60002524                PWM2_FAULT_IRQHandler
                0x60002524                FLEXIO2_DriverIRQHandler
                0x60002524                SNVS_HP_WRAPPER_TZ_IRQHandler
                0x60002524                UsageFault_Handler
                0x60002524                WDOG1_IRQHandler
                0x60002524                XBAR1_IRQ_0_1_IRQHandler
                0x60002524                PMU_EVENT_IRQHandler
                0x60002524                GPT1_IRQHandler
                0x60002524                TMR3_IRQHandler
                0x60002524                PWM4_1_IRQHandler
                0x60002524                USB_OTG2_IRQHandler
                0x60002524                ACMP4_IRQHandler
                0x60002524                SEMC_IRQHandler
                0x60002524                DMA0_DMA16_DriverIRQHandler
                0x60002524                DefaultISR
                0x60002524                PWM1_1_IRQHandler
                0x60002524                Reserved143_IRQHandler
                0x60002524                DMA2_DMA18_DriverIRQHandler
                0x60002524                PWM3_0_IRQHandler
                0x60002524                PWM3_3_IRQHandler
                0x60002524                GPIO1_INT0_IRQHandler
                0x60002524                PWM1_FAULT_IRQHandler
                0x60002524                CSU_IRQHandler
                0x60002524                ENC1_IRQHandler
                0x60002524                ADC1_IRQHandler
                0x60002524                FLEXIO1_DriverIRQHandler
                0x60002524                ENET_DriverIRQHandler
                0x60002524                ACMP3_IRQHandler
                0x60002524                TMR4_IRQHandler
                0x60002524                RTWDOG_IRQHandler
                0x60002524                USB_PHY1_IRQHandler
                0x60002524                Reserved78_IRQHandler
                0x60002524                SAI1_DriverIRQHandler
                0x60002524                DMA12_DMA28_DriverIRQHandler
                0x60002524                ENC3_IRQHandler
                0x60002524                EWM_IRQHandler
                0x60002524                TEMP_LOW_HIGH_IRQHandler
                0x60002524                WDOG2_IRQHandler
                0x60002524                GPIO1_INT5_IRQHandler
                0x60002524                FLEXSPI_DriverIRQHandler
                0x60002524                DMA3_DMA19_DriverIRQHandler
                0x60002524                PWM3_1_IRQHandler
                0x60002524                PWM2_3_IRQHandler
                0x60002524                LPSPI1_DriverIRQHandler
                0x60002524                CORE_IRQHandler
                0x60002524                DMA9_DMA25_DriverIRQHandler
                0x60002524                GPIO1_INT3_IRQHandler
                0x60002524                DMA10_DMA26_DriverIRQHandler
                0x60002524                TEMP_PANIC_IRQHandler
                0x60002524                GPIO1_INT6_IRQHandler
                0x60002524                PWM1_2_IRQHandler
                0x60002524                Reserved144_IRQHandler
                0x60002524                GPR_IRQ_IRQHandler
                0x60002524                GPC_IRQHandler
                0x60002524                DCDC_IRQHandler
                0x60002524                PWM4_3_IRQHandler
                0x60002524                DMA4_DMA20_DriverIRQHandler
                0x60002524                DMA1_DMA17_DriverIRQHandler
                0x60002524                USB_OTG1_IRQHandler
                0x60002524                CAN2_DriverIRQHandler
                0x60002524                Reserved171_IRQHandler
                0x60002524                TMR2_IRQHandler
                0x60002524                ADC_ETC_ERROR_IRQ_IRQHandler
                0x60002524                DMA8_DMA24_DriverIRQHandler
                0x60002524                PWM4_2_IRQHandler
                0x60002524                DMA6_DMA22_DriverIRQHandler
                0x60002524                BEE_IRQHandler
                0x60002524                GPIO1_INT1_IRQHandler
                0x60002524                ENET2_1588_Timer_DriverIRQHandler
                0x60002524                ADC_ETC_IRQ2_IRQHandler
                0x60002524                GPIO1_INT4_IRQHandler
                0x60002524                CCM_2_IRQHandler
                0x60002524                KPP_IRQHandler
                0x60002524                DCP_IRQHandler
                0x60002524                ADC2_IRQHandler
                0x60002524                GPIO10_Combined_0_31_IRQHandler
                0x60002524                MemManage_Handler
                0x60002524                SAI2_DriverIRQHandler
                0x60002524                PWM3_2_IRQHandler
                0x60002524                PIT_IRQHandler
                0x60002524                Reserved115_IRQHandler
                0x60002524                SNVS_HP_WRAPPER_IRQHandler
                0x60002524                DMA11_DMA27_DriverIRQHandler
                0x60002524                XBAR1_IRQ_2_3_IRQHandler
                0x60002528                NMI_Handler
                0x6000252c                HardFault_Handler
                0x6000253c                DMA0_DMA16_IRQHandler
                0x60002540                DMA1_DMA17_IRQHandler
                0x60002544                DMA2_DMA18_IRQHandler
                0x60002548                DMA3_DMA19_IRQHandler
                0x6000254c                DMA4_DMA20_IRQHandler
                0x60002550                DMA5_DMA21_IRQHandler
                0x60002554                DMA6_DMA22_IRQHandler
                0x60002558                DMA7_DMA23_IRQHandler
                0x6000255c                DMA8_DMA24_IRQHandler
                0x60002560                DMA9_DMA25_IRQHandler
                0x60002564                DMA10_DMA26_IRQHandler
                0x60002568                DMA11_DMA27_IRQHandler
                0x6000256c                DMA12_DMA28_IRQHandler
                0x60002570                DMA13_DMA29_IRQHandler
                0x60002574                DMA14_DMA30_IRQHandler
                0x60002578                DMA15_DMA31_IRQHandler
                0x6000257c                DMA_ERROR_IRQHandler
                0x60002580                LPUART1_IRQHandler
                0x60002584                LPUART2_IRQHandler
                0x60002588                LPUART3_IRQHandler
                0x6000258c                LPUART4_IRQHandler
                0x60002590                LPUART5_IRQHandler
                0x60002594                LPUART6_IRQHandler
                0x60002598                LPUART7_IRQHandler
                0x6000259c                LPUART8_IRQHandler
                0x600025a0                LPI2C1_IRQHandler
                0x600025a4                LPI2C2_IRQHandler
                0x600025a8                LPI2C3_IRQHandler
                0x600025ac                LPI2C4_IRQHandler
                0x600025b0                LPSPI1_IRQHandler
                0x600025b4                LPSPI2_IRQHandler
                0x600025b8                LPSPI3_IRQHandler
                0x600025bc                LPSPI4_IRQHandler
                0x600025c0                CAN1_IRQHandler
                0x600025c4                CAN2_IRQHandler
                0x600025c8                SAI1_IRQHandler
                0x600025cc                SAI2_IRQHandler
                0x600025d0                SAI3_RX_IRQHandler
                0x600025d4                SAI3_TX_IRQHandler
                0x600025d8                SPDIF_IRQHandler
                0x600025dc                FLEXIO1_IRQHandler
                0x600025e0                FLEXIO2_IRQHandler
                0x600025e4                FLEXSPI2_IRQHandler
                0x600025e8                FLEXSPI_IRQHandler
                0x600025ec                USDHC1_IRQHandler
                0x600025f0                USDHC2_IRQHandler
                0x600025f4                ENET_IRQHandler
                0x600025f8                ENET_1588_Timer_IRQHandler
                0x600025fc                ENET2_IRQHandler
                0x60002600                ENET2_1588_Timer_IRQHandler
                0x60002604                CAN3_IRQHandler
                0x60002608                FLEXIO3_IRQHandler
 .text          0x600026f0       0xa0 CMakeFiles/lvgl_guider.elf.dir/C_/NXP/GUI-Guider-Projects/hack-1/sdk/Core/utilities/fsl_memcpy.S.obj
                0x600026f0                memcpy
 .text          0x60002790       0x30 C:/NXP/MCUXpressoIDE_11.10.0_3148/ide/tools/bin/../lib/gcc/arm-none-eabi/13.2.1/thumb/v7e-m+dp/hard\libgcc.a(_aeabi_uldivmod.o)
                0x60002790                __aeabi_uldivmod
 .text          0x600027c0        0x4 C:/NXP/MCUXpressoIDE_11.10.0_3148/ide/tools/bin/../lib/gcc/arm-none-eabi/13.2.1/thumb/v7e-m+dp/hard\libgcc.a(_dvmd_tls.o)
                0x600027c0                __aeabi_idiv0
                0x600027c0                __aeabi_ldiv0
 .text          0x600027c4       0x14 C:/NXP/MCUXpressoIDE_11.10.0_3148/ide/tools/bin/../lib/gcc/arm-none-eabi/13.2.1/thumb/v7e-m+dp/hard\libc_nano.a(libc_a-strcmp.o)
                0x600027c4                strcmp
 .text          0x600027d8       0x10 C:/NXP/MCUXpressoIDE_11.10.0_3148/ide/tools/bin/../lib/gcc/arm-none-eabi/13.2.1/thumb/v7e-m+dp/hard\libc_nano.a(libc_a-strlen.o)
                0x600027d8                strlen
 *fill*         0x600027e8        0x8 
 .text          0x600027f0       0xa0 C:/NXP/MCUXpressoIDE_11.10.0_3148/ide/tools/bin/../lib/gcc/arm-none-eabi/13.2.1/thumb/v7e-m+dp/hard\libc_nano.a(libc_a-memchr.o)
                0x600027f0                memchr
 *(.text*)
 .text.deregister_tm_clones
                0x60002890       0x1c C:/NXP/MCUXpressoIDE_11.10.0_3148/ide/tools/bin/../lib/gcc/arm-none-eabi/13.2.1/thumb/v7e-m+dp/hard/crtbegin.o
 .text.register_tm_clones
                0x600028ac       0x24 C:/NXP/MCUXpressoIDE_11.10.0_3148/ide/tools/bin/../lib/gcc/arm-none-eabi/13.2.1/thumb/v7e-m+dp/hard/crtbegin.o
 .text.__do_global_dtors_aux
                0x600028d0       0x28 C:/NXP/MCUXpressoIDE_11.10.0_3148/ide/tools/bin/../lib/gcc/arm-none-eabi/13.2.1/thumb/v7e-m+dp/hard/crtbegin.o
 .text.frame_dummy
                0x600028f8       0x24 C:/NXP/MCUXpressoIDE_11.10.0_3148/ide/tools/bin/../lib/gcc/arm-none-eabi/13.2.1/thumb/v7e-m+dp/hard/crtbegin.o
 .text.BOARD_DebugConsoleSrcFreq
                0x6000291c       0x60 CMakeFiles/lvgl_guider.elf.dir/C_/NXP/GUI-Guider-Projects/hack-1/sdk/Core/board/board.c.obj
                0x6000291c                BOARD_DebugConsoleSrcFreq
 .text.BOARD_InitDebugConsole
                0x6000297c       0x18 CMakeFiles/lvgl_guider.elf.dir/C_/NXP/GUI-Guider-Projects/hack-1/sdk/Core/board/board.c.obj
                0x6000297c                BOARD_InitDebugConsole
 .text.BOARD_LPI2C_Init
                0x60002994       0x2c CMakeFiles/lvgl_guider.elf.dir/C_/NXP/GUI-Guider-Projects/hack-1/sdk/Core/board/board.c.obj
                0x60002994                BOARD_LPI2C_Init
 .text.BOARD_Touch_I2C_Send
                0x600029c0       0x2c CMakeFiles/lvgl_guider.elf.dir/C_/NXP/GUI-Guider-Projects/hack-1/sdk/Core/board/board.c.obj
                0x600029c0                BOARD_Touch_I2C_Send
 .text.BOARD_Touch_I2C_Receive
                0x600029ec       0x30 CMakeFiles/lvgl_guider.elf.dir/C_/NXP/GUI-Guider-Projects/hack-1/sdk/Core/board/board.c.obj
                0x600029ec                BOARD_Touch_I2C_Receive
 .text.BOARD_ConfigMPU
                0x60002a1c      0x284 CMakeFiles/lvgl_guider.elf.dir/C_/NXP/GUI-Guider-Projects/hack-1/sdk/Core/board/board.c.obj
                0x60002a1c                BOARD_ConfigMPU
 .text.BOARD_BootClockRUN
                0x60002ca0      0x898 CMakeFiles/lvgl_guider.elf.dir/C_/NXP/GUI-Guider-Projects/hack-1/sdk/Core/board/clock_config.c.obj
                0x60002ca0                BOARD_BootClockRUN
 .text.DEMO_ReadTouch
                0x60003538       0x54 CMakeFiles/lvgl_guider.elf.dir/C_/NXP/GUI-Guider-Projects/hack-1/sdk/Core/board/lvgl_support.c.obj
 .text.DEMO_FlushDisplay
                0x6000358c       0x50 CMakeFiles/lvgl_guider.elf.dir/C_/NXP/GUI-Guider-Projects/hack-1/sdk/Core/board/lvgl_support.c.obj
 .text.BOARD_PullTouchResetPin
                0x600035dc       0x1c CMakeFiles/lvgl_guider.elf.dir/C_/NXP/GUI-Guider-Projects/hack-1/sdk/Core/board/lvgl_support.c.obj
 .text.BOARD_ConfigTouchIntPin
                0x600035f8       0x3c CMakeFiles/lvgl_guider.elf.dir/C_/NXP/GUI-Guider-Projects/hack-1/sdk/Core/board/lvgl_support.c.obj
 .text.lv_port_pre_init
                0x60003634        0x4 CMakeFiles/lvgl_guider.elf.dir/C_/NXP/GUI-Guider-Projects/hack-1/sdk/Core/board/lvgl_support.c.obj
                0x60003634                lv_port_pre_init
 .text.lv_port_disp_init
                0x60003638      0x138 CMakeFiles/lvgl_guider.elf.dir/C_/NXP/GUI-Guider-Projects/hack-1/sdk/Core/board/lvgl_support.c.obj
                0x60003638                lv_port_disp_init
 .text.LCDIF_IRQHandler
                0x60003770       0x5c CMakeFiles/lvgl_guider.elf.dir/C_/NXP/GUI-Guider-Projects/hack-1/sdk/Core/board/lvgl_support.c.obj
                0x60003770                LCDIF_IRQHandler
 .text.lv_port_indev_init
                0x600037cc       0xb4 CMakeFiles/lvgl_guider.elf.dir/C_/NXP/GUI-Guider-Projects/hack-1/sdk/Core/board/lvgl_support.c.obj
                0x600037cc                lv_port_indev_init
 .text.BOARD_InitPins
                0x60003880      0x140 CMakeFiles/lvgl_guider.elf.dir/C_/NXP/GUI-Guider-Projects/hack-1/sdk/Core/board/pin_mux.c.obj
                0x60003880                BOARD_InitPins
 .text.BOARD_InitSemcPins
                0x600039c0      0x12c CMakeFiles/lvgl_guider.elf.dir/C_/NXP/GUI-Guider-Projects/hack-1/sdk/Core/board/pin_mux.c.obj
                0x600039c0                BOARD_InitSemcPins
 .text.BOARD_InitI2C1Pins
                0x60003aec       0x48 CMakeFiles/lvgl_guider.elf.dir/C_/NXP/GUI-Guider-Projects/hack-1/sdk/Core/board/pin_mux.c.obj
                0x60003aec                BOARD_InitI2C1Pins
 .text.DEMO_InitUsTimer
                0x60003b34       0x14 CMakeFiles/lvgl_guider.elf.dir/C_/NXP/GUI-Guider-Projects/hack-1/sdk/Core/source/lvgl_demo_utils.c.obj
                0x60003b34                DEMO_InitUsTimer
 .text.DEMO_GetCpuClockFreq
                0x60003b48        0xc CMakeFiles/lvgl_guider.elf.dir/C_/NXP/GUI-Guider-Projects/hack-1/sdk/Core/source/lvgl_demo_utils.c.obj
                0x60003b48                DEMO_GetCpuClockFreq
 .text.getIdleTaskTime
                0x60003b54       0x50 CMakeFiles/lvgl_guider.elf.dir/C_/NXP/GUI-Guider-Projects/hack-1/sdk/Core/source/lvgl_freertos.c.obj
                0x60003b54                getIdleTaskTime
 .text.resetIdleTaskTime
                0x60003ba4       0x10 CMakeFiles/lvgl_guider.elf.dir/C_/NXP/GUI-Guider-Projects/hack-1/sdk/Core/source/lvgl_freertos.c.obj
                0x60003ba4                resetIdleTaskTime
 .text.traceTaskSwitchedOut
                0x60003bb4       0x5c CMakeFiles/lvgl_guider.elf.dir/C_/NXP/GUI-Guider-Projects/hack-1/sdk/Core/source/lvgl_freertos.c.obj
                0x60003bb4                traceTaskSwitchedOut
 .text.traceTaskSwitchedIn
                0x60003c10       0x20 CMakeFiles/lvgl_guider.elf.dir/C_/NXP/GUI-Guider-Projects/hack-1/sdk/Core/source/lvgl_freertos.c.obj
                0x60003c10                traceTaskSwitchedIn
 .text.reset_idle_time_cb
                0x60003c30        0x4 CMakeFiles/lvgl_guider.elf.dir/C_/NXP/GUI-Guider-Projects/hack-1/sdk/Core/source/lvgl_guider.c.obj
 .text.get_idle_time_cb
                0x60003c34       0x14 CMakeFiles/lvgl_guider.elf.dir/C_/NXP/GUI-Guider-Projects/hack-1/sdk/Core/source/lvgl_guider.c.obj
 .text.AppTask  0x60003c48       0x54 CMakeFiles/lvgl_guider.elf.dir/C_/NXP/GUI-Guider-Projects/hack-1/sdk/Core/source/lvgl_guider.c.obj
 .text.startup.main
                0x60003c9c       0x60 CMakeFiles/lvgl_guider.elf.dir/C_/NXP/GUI-Guider-Projects/hack-1/sdk/Core/source/lvgl_guider.c.obj
                0x60003c9c                main
 .text.vApplicationMallocFailedHook
                0x60003cfc       0x10 CMakeFiles/lvgl_guider.elf.dir/C_/NXP/GUI-Guider-Projects/hack-1/sdk/Core/source/lvgl_guider.c.obj
                0x60003cfc                vApplicationMallocFailedHook
 .text.vApplicationTickHook
                0x60003d0c       0x14 CMakeFiles/lvgl_guider.elf.dir/C_/NXP/GUI-Guider-Projects/hack-1/sdk/Core/source/lvgl_guider.c.obj
                0x60003d0c                vApplicationTickHook
 .text.vApplicationStackOverflowHook
                0x60003d20        0x4 CMakeFiles/lvgl_guider.elf.dir/C_/NXP/GUI-Guider-Projects/hack-1/sdk/Core/source/lvgl_guider.c.obj
                0x60003d20                vApplicationStackOverflowHook
 .text.vApplicationGetIdleTaskMemory
                0x60003d24       0x1c CMakeFiles/lvgl_guider.elf.dir/C_/NXP/GUI-Guider-Projects/hack-1/sdk/Core/source/lvgl_guider.c.obj
                0x60003d24                vApplicationGetIdleTaskMemory
 .text.vApplicationGetTimerTaskMemory
                0x60003d40       0x1c CMakeFiles/lvgl_guider.elf.dir/C_/NXP/GUI-Guider-Projects/hack-1/sdk/Core/source/lvgl_guider.c.obj
                0x60003d40                vApplicationGetTimerTaskMemory
 .text.custom_init
                0x60003d5c        0x4 CMakeFiles/lvgl_guider.elf.dir/C_/NXP/GUI-Guider-Projects/hack-1/custom/custom.c.obj
                0x60003d5c                custom_init
 .text.scrStackedAreaChart_Calculator_event_handler
                0x60003d60       0x40 CMakeFiles/lvgl_guider.elf.dir/C_/NXP/GUI-Guider-Projects/hack-1/generated/events_init.c.obj
 .text.scrStackedAreaChart_map_event_handler
                0x60003da0       0x44 CMakeFiles/lvgl_guider.elf.dir/C_/NXP/GUI-Guider-Projects/hack-1/generated/events_init.c.obj
 .text.scrStackedAreaChart_DataCharts_event_handler
                0x60003de4       0x40 CMakeFiles/lvgl_guider.elf.dir/C_/NXP/GUI-Guider-Projects/hack-1/generated/events_init.c.obj
 .text.chart_btn_1_event_handler
                0x60003e24       0x40 CMakeFiles/lvgl_guider.elf.dir/C_/NXP/GUI-Guider-Projects/hack-1/generated/events_init.c.obj
 .text.calculator_btn_1_event_handler
                0x60003e64       0x40 CMakeFiles/lvgl_guider.elf.dir/C_/NXP/GUI-Guider-Projects/hack-1/generated/events_init.c.obj
 .text.map_btn_3_event_handler
                0x60003ea4       0x40 CMakeFiles/lvgl_guider.elf.dir/C_/NXP/GUI-Guider-Projects/hack-1/generated/events_init.c.obj
 .text.map_btn_2_event_handler
                0x60003ee4       0x40 CMakeFiles/lvgl_guider.elf.dir/C_/NXP/GUI-Guider-Projects/hack-1/generated/events_init.c.obj
 .text.map_btn_1_event_handler
                0x60003f24       0x40 CMakeFiles/lvgl_guider.elf.dir/C_/NXP/GUI-Guider-Projects/hack-1/generated/events_init.c.obj
 .text.map_1_btn_2_event_handler
                0x60003f64       0x40 CMakeFiles/lvgl_guider.elf.dir/C_/NXP/GUI-Guider-Projects/hack-1/generated/events_init.c.obj
 .text.map_1_btn_3_event_handler
                0x60003fa4       0x40 CMakeFiles/lvgl_guider.elf.dir/C_/NXP/GUI-Guider-Projects/hack-1/generated/events_init.c.obj
 .text.map_1_btn_1_event_handler
                0x60003fe4       0x40 CMakeFiles/lvgl_guider.elf.dir/C_/NXP/GUI-Guider-Projects/hack-1/generated/events_init.c.obj
 .text.map_2_btn_2_event_handler
                0x60004024       0x40 CMakeFiles/lvgl_guider.elf.dir/C_/NXP/GUI-Guider-Projects/hack-1/generated/events_init.c.obj
 .text.map_2_btn_3_event_handler
                0x60004064       0x40 CMakeFiles/lvgl_guider.elf.dir/C_/NXP/GUI-Guider-Projects/hack-1/generated/events_init.c.obj
 .text.map_2_btn_1_event_handler
                0x600040a4       0x40 CMakeFiles/lvgl_guider.elf.dir/C_/NXP/GUI-Guider-Projects/hack-1/generated/events_init.c.obj
 .text.calculator_1_btn_1_event_handler
                0x600040e4       0x40 CMakeFiles/lvgl_guider.elf.dir/C_/NXP/GUI-Guider-Projects/hack-1/generated/events_init.c.obj
 .text.calculator_2_btn_1_event_handler
                0x60004124       0x40 CMakeFiles/lvgl_guider.elf.dir/C_/NXP/GUI-Guider-Projects/hack-1/generated/events_init.c.obj
 *fill*         0x60004164        0x4 
 .text.calculator_calculate_event_handler
                0x60004168       0xb0 CMakeFiles/lvgl_guider.elf.dir/C_/NXP/GUI-Guider-Projects/hack-1/generated/events_init.c.obj
 .text.calculator_1_calculate_event_handler
                0x60004218       0xb0 CMakeFiles/lvgl_guider.elf.dir/C_/NXP/GUI-Guider-Projects/hack-1/generated/events_init.c.obj
 .text.calculator_2_calculate_event_handler
                0x600042c8       0xa8 CMakeFiles/lvgl_guider.elf.dir/C_/NXP/GUI-Guider-Projects/hack-1/generated/events_init.c.obj
 .text.calculator_event_handler
                0x60004370       0x54 CMakeFiles/lvgl_guider.elf.dir/C_/NXP/GUI-Guider-Projects/hack-1/generated/events_init.c.obj
 .text.calculator_1_event_handler
                0x600043c4       0x8c CMakeFiles/lvgl_guider.elf.dir/C_/NXP/GUI-Guider-Projects/hack-1/generated/events_init.c.obj
 .text.calculator_2_event_handler
                0x60004450       0x54 CMakeFiles/lvgl_guider.elf.dir/C_/NXP/GUI-Guider-Projects/hack-1/generated/events_init.c.obj
 .text.events_init_scrStackedAreaChart
                0x600044a4       0x38 CMakeFiles/lvgl_guider.elf.dir/C_/NXP/GUI-Guider-Projects/hack-1/generated/events_init.c.obj
                0x600044a4                events_init_scrStackedAreaChart
 .text.events_init_chart
                0x600044dc       0x14 CMakeFiles/lvgl_guider.elf.dir/C_/NXP/GUI-Guider-Projects/hack-1/generated/events_init.c.obj
                0x600044dc                events_init_chart
 .text.events_init_calculator
                0x600044f0       0x40 CMakeFiles/lvgl_guider.elf.dir/C_/NXP/GUI-Guider-Projects/hack-1/generated/events_init.c.obj
                0x600044f0                events_init_calculator
 .text.events_init_map
                0x60004530       0x40 CMakeFiles/lvgl_guider.elf.dir/C_/NXP/GUI-Guider-Projects/hack-1/generated/events_init.c.obj
                0x60004530                events_init_map
 .text.events_init_map_1
                0x60004570       0x40 CMakeFiles/lvgl_guider.elf.dir/C_/NXP/GUI-Guider-Projects/hack-1/generated/events_init.c.obj
                0x60004570                events_init_map_1
 .text.events_init_map_2
                0x600045b0       0x40 CMakeFiles/lvgl_guider.elf.dir/C_/NXP/GUI-Guider-Projects/hack-1/generated/events_init.c.obj
                0x600045b0                events_init_map_2
 .text.events_init_calculator_1
                0x600045f0       0x40 CMakeFiles/lvgl_guider.elf.dir/C_/NXP/GUI-Guider-Projects/hack-1/generated/events_init.c.obj
                0x600045f0                events_init_calculator_1
 .text.events_init_calculator_2
                0x60004630       0x40 CMakeFiles/lvgl_guider.elf.dir/C_/NXP/GUI-Guider-Projects/hack-1/generated/events_init.c.obj
                0x60004630                events_init_calculator_2
 .text.events_init
                0x60004670        0x4 CMakeFiles/lvgl_guider.elf.dir/C_/NXP/GUI-Guider-Projects/hack-1/generated/events_init.c.obj
                0x60004670                events_init
 .text.ui_init_style
                0x60004674       0x10 CMakeFiles/lvgl_guider.elf.dir/C_/NXP/GUI-Guider-Projects/hack-1/generated/gui_guider.c.obj
                0x60004674                ui_init_style
 .text.ui_load_scr_animation
                0x60004684       0x50 CMakeFiles/lvgl_guider.elf.dir/C_/NXP/GUI-Guider-Projects/hack-1/generated/gui_guider.c.obj
                0x60004684                ui_load_scr_animation
 .text.setup_ui
                0x600046d4       0x34 CMakeFiles/lvgl_guider.elf.dir/C_/NXP/GUI-Guider-Projects/hack-1/generated/gui_guider.c.obj
                0x600046d4                setup_ui
 .text.setup_scr_calculator
                0x60004708     0x13fc CMakeFiles/lvgl_guider.elf.dir/C_/NXP/GUI-Guider-Projects/hack-1/generated/setup_scr_calculator.c.obj
                0x60004708                setup_scr_calculator
 .text.setup_scr_calculator_1
                0x60005b04     0x153c CMakeFiles/lvgl_guider.elf.dir/C_/NXP/GUI-Guider-Projects/hack-1/generated/setup_scr_calculator_1.c.obj
                0x60005b04                setup_scr_calculator_1
 .text.setup_scr_calculator_2
                0x60007040     0x13f8 CMakeFiles/lvgl_guider.elf.dir/C_/NXP/GUI-Guider-Projects/hack-1/generated/setup_scr_calculator_2.c.obj
                0x60007040                setup_scr_calculator_2
 .text.setup_scr_chart
                0x60008438     0x1bf8 CMakeFiles/lvgl_guider.elf.dir/C_/NXP/GUI-Guider-Projects/hack-1/generated/setup_scr_chart.c.obj
                0x60008438                setup_scr_chart
 .text.setup_scr_map
                0x6000a030      0x520 CMakeFiles/lvgl_guider.elf.dir/C_/NXP/GUI-Guider-Projects/hack-1/generated/setup_scr_map.c.obj
                0x6000a030                setup_scr_map
 .text.setup_scr_map_1
                0x6000a550      0x520 CMakeFiles/lvgl_guider.elf.dir/C_/NXP/GUI-Guider-Projects/hack-1/generated/setup_scr_map_1.c.obj
                0x6000a550                setup_scr_map_1
 .text.setup_scr_map_2
                0x6000aa70      0x520 CMakeFiles/lvgl_guider.elf.dir/C_/NXP/GUI-Guider-Projects/hack-1/generated/setup_scr_map_2.c.obj
                0x6000aa70                setup_scr_map_2
 .text.setup_scr_scrStackedAreaChart
                0x6000af90      0x374 CMakeFiles/lvgl_guider.elf.dir/C_/NXP/GUI-Guider-Projects/hack-1/generated/setup_scr_scrStackedAreaChart.c.obj
                0x6000af90                setup_scr_scrStackedAreaChart
 .text.lv_calculator_spinbox_1_increment_event_cb
                0x6000b304       0x24 CMakeFiles/lvgl_guider.elf.dir/C_/NXP/GUI-Guider-Projects/hack-1/generated/widgets_init.c.obj
                0x6000b304                lv_calculator_spinbox_1_increment_event_cb
 .text.lv_calculator_spinbox_1_decrement_event_cb
                0x6000b328       0x24 CMakeFiles/lvgl_guider.elf.dir/C_/NXP/GUI-Guider-Projects/hack-1/generated/widgets_init.c.obj
                0x6000b328                lv_calculator_spinbox_1_decrement_event_cb
 .text.lv_calculator_spinbox_2_increment_event_cb
                0x6000b34c       0x24 CMakeFiles/lvgl_guider.elf.dir/C_/NXP/GUI-Guider-Projects/hack-1/generated/widgets_init.c.obj
                0x6000b34c                lv_calculator_spinbox_2_increment_event_cb
 .text.lv_calculator_spinbox_2_decrement_event_cb
                0x6000b370       0x24 CMakeFiles/lvgl_guider.elf.dir/C_/NXP/GUI-Guider-Projects/hack-1/generated/widgets_init.c.obj
                0x6000b370                lv_calculator_spinbox_2_decrement_event_cb
 .text.lv_calculator_spinbox_3_increment_event_cb
                0x6000b394       0x24 CMakeFiles/lvgl_guider.elf.dir/C_/NXP/GUI-Guider-Projects/hack-1/generated/widgets_init.c.obj
                0x6000b394                lv_calculator_spinbox_3_increment_event_cb
 .text.lv_calculator_spinbox_3_decrement_event_cb
                0x6000b3b8       0x24 CMakeFiles/lvgl_guider.elf.dir/C_/NXP/GUI-Guider-Projects/hack-1/generated/widgets_init.c.obj
                0x6000b3b8                lv_calculator_spinbox_3_decrement_event_cb
 .text.lv_calculator_1_spinbox_1_increment_event_cb
                0x6000b3dc       0x24 CMakeFiles/lvgl_guider.elf.dir/C_/NXP/GUI-Guider-Projects/hack-1/generated/widgets_init.c.obj
                0x6000b3dc                lv_calculator_1_spinbox_1_increment_event_cb
 .text.lv_calculator_1_spinbox_1_decrement_event_cb
                0x6000b400       0x24 CMakeFiles/lvgl_guider.elf.dir/C_/NXP/GUI-Guider-Projects/hack-1/generated/widgets_init.c.obj
                0x6000b400                lv_calculator_1_spinbox_1_decrement_event_cb
 .text.lv_calculator_1_spinbox_2_increment_event_cb
                0x6000b424       0x24 CMakeFiles/lvgl_guider.elf.dir/C_/NXP/GUI-Guider-Projects/hack-1/generated/widgets_init.c.obj
                0x6000b424                lv_calculator_1_spinbox_2_increment_event_cb
 .text.lv_calculator_1_spinbox_2_decrement_event_cb
                0x6000b448       0x24 CMakeFiles/lvgl_guider.elf.dir/C_/NXP/GUI-Guider-Projects/hack-1/generated/widgets_init.c.obj
                0x6000b448                lv_calculator_1_spinbox_2_decrement_event_cb
 .text.lv_calculator_1_spinbox_3_increment_event_cb
                0x6000b46c       0x24 CMakeFiles/lvgl_guider.elf.dir/C_/NXP/GUI-Guider-Projects/hack-1/generated/widgets_init.c.obj
                0x6000b46c                lv_calculator_1_spinbox_3_increment_event_cb
 .text.lv_calculator_1_spinbox_3_decrement_event_cb
                0x6000b490       0x24 CMakeFiles/lvgl_guider.elf.dir/C_/NXP/GUI-Guider-Projects/hack-1/generated/widgets_init.c.obj
                0x6000b490                lv_calculator_1_spinbox_3_decrement_event_cb
 .text.lv_calculator_2_spinbox_1_increment_event_cb
                0x6000b4b4       0x24 CMakeFiles/lvgl_guider.elf.dir/C_/NXP/GUI-Guider-Projects/hack-1/generated/widgets_init.c.obj
                0x6000b4b4                lv_calculator_2_spinbox_1_increment_event_cb
 .text.lv_calculator_2_spinbox_1_decrement_event_cb
                0x6000b4d8       0x24 CMakeFiles/lvgl_guider.elf.dir/C_/NXP/GUI-Guider-Projects/hack-1/generated/widgets_init.c.obj
                0x6000b4d8                lv_calculator_2_spinbox_1_decrement_event_cb
 .text.lv_calculator_2_spinbox_2_increment_event_cb
                0x6000b4fc       0x24 CMakeFiles/lvgl_guider.elf.dir/C_/NXP/GUI-Guider-Projects/hack-1/generated/widgets_init.c.obj
                0x6000b4fc                lv_calculator_2_spinbox_2_increment_event_cb
 .text.lv_calculator_2_spinbox_2_decrement_event_cb
                0x6000b520       0x24 CMakeFiles/lvgl_guider.elf.dir/C_/NXP/GUI-Guider-Projects/hack-1/generated/widgets_init.c.obj
                0x6000b520                lv_calculator_2_spinbox_2_decrement_event_cb
 .text.lv_calculator_2_spinbox_3_increment_event_cb
                0x6000b544       0x24 CMakeFiles/lvgl_guider.elf.dir/C_/NXP/GUI-Guider-Projects/hack-1/generated/widgets_init.c.obj
                0x6000b544                lv_calculator_2_spinbox_3_increment_event_cb
 .text.lv_calculator_2_spinbox_3_decrement_event_cb
                0x6000b568       0x24 CMakeFiles/lvgl_guider.elf.dir/C_/NXP/GUI-Guider-Projects/hack-1/generated/widgets_init.c.obj
                0x6000b568                lv_calculator_2_spinbox_3_decrement_event_cb
 .text.HAL_GpioInterruptHandle
                0x6000b58c       0x78 CMakeFiles/lvgl_guider.elf.dir/C_/NXP/GUI-Guider-Projects/hack-1/sdk/Core/component/gpio/fsl_adapter_igpio.c.obj
 .text.GPIO1_Combined_0_15_IRQHandler
                0x6000b604       0x10 CMakeFiles/lvgl_guider.elf.dir/C_/NXP/GUI-Guider-Projects/hack-1/sdk/Core/component/gpio/fsl_adapter_igpio.c.obj
                0x6000b604                GPIO1_Combined_0_15_IRQHandler
 .text.GPIO1_Combined_16_31_IRQHandler
                0x6000b614       0x10 CMakeFiles/lvgl_guider.elf.dir/C_/NXP/GUI-Guider-Projects/hack-1/sdk/Core/component/gpio/fsl_adapter_igpio.c.obj
                0x6000b614                GPIO1_Combined_16_31_IRQHandler
 .text.GPIO2_Combined_0_15_IRQHandler
                0x6000b624       0x10 CMakeFiles/lvgl_guider.elf.dir/C_/NXP/GUI-Guider-Projects/hack-1/sdk/Core/component/gpio/fsl_adapter_igpio.c.obj
                0x6000b624                GPIO2_Combined_0_15_IRQHandler
 .text.GPIO2_Combined_16_31_IRQHandler
                0x6000b634       0x10 CMakeFiles/lvgl_guider.elf.dir/C_/NXP/GUI-Guider-Projects/hack-1/sdk/Core/component/gpio/fsl_adapter_igpio.c.obj
                0x6000b634                GPIO2_Combined_16_31_IRQHandler
 .text.GPIO3_Combined_0_15_IRQHandler
                0x6000b644       0x10 CMakeFiles/lvgl_guider.elf.dir/C_/NXP/GUI-Guider-Projects/hack-1/sdk/Core/component/gpio/fsl_adapter_igpio.c.obj
                0x6000b644                GPIO3_Combined_0_15_IRQHandler
 .text.GPIO3_Combined_16_31_IRQHandler
                0x6000b654       0x10 CMakeFiles/lvgl_guider.elf.dir/C_/NXP/GUI-Guider-Projects/hack-1/sdk/Core/component/gpio/fsl_adapter_igpio.c.obj
                0x6000b654                GPIO3_Combined_16_31_IRQHandler
 .text.GPIO4_Combined_0_15_IRQHandler
                0x6000b664       0x10 CMakeFiles/lvgl_guider.elf.dir/C_/NXP/GUI-Guider-Projects/hack-1/sdk/Core/component/gpio/fsl_adapter_igpio.c.obj
                0x6000b664                GPIO4_Combined_0_15_IRQHandler
 .text.GPIO4_Combined_16_31_IRQHandler
                0x6000b674       0x10 CMakeFiles/lvgl_guider.elf.dir/C_/NXP/GUI-Guider-Projects/hack-1/sdk/Core/component/gpio/fsl_adapter_igpio.c.obj
                0x6000b674                GPIO4_Combined_16_31_IRQHandler
 .text.GPIO5_Combined_0_15_IRQHandler
                0x6000b684       0x10 CMakeFiles/lvgl_guider.elf.dir/C_/NXP/GUI-Guider-Projects/hack-1/sdk/Core/component/gpio/fsl_adapter_igpio.c.obj
                0x6000b684                GPIO5_Combined_0_15_IRQHandler
 .text.GPIO5_Combined_16_31_IRQHandler
                0x6000b694       0x10 CMakeFiles/lvgl_guider.elf.dir/C_/NXP/GUI-Guider-Projects/hack-1/sdk/Core/component/gpio/fsl_adapter_igpio.c.obj
                0x6000b694                GPIO5_Combined_16_31_IRQHandler
 .text.GPIO6_7_8_9_IRQHandler
                0x6000b6a4       0x20 CMakeFiles/lvgl_guider.elf.dir/C_/NXP/GUI-Guider-Projects/hack-1/sdk/Core/component/gpio/fsl_adapter_igpio.c.obj
                0x6000b6a4                GPIO6_7_8_9_IRQHandler
 .text.HAL_UartInit
                0x6000b6c4       0x9c CMakeFiles/lvgl_guider.elf.dir/C_/NXP/GUI-Guider-Projects/hack-1/sdk/Core/component/uart/fsl_adapter_lpuart.c.obj
                0x6000b6c4                HAL_UartInit
 .text.HAL_UartSendBlocking
                0x6000b760       0x18 CMakeFiles/lvgl_guider.elf.dir/C_/NXP/GUI-Guider-Projects/hack-1/sdk/Core/component/uart/fsl_adapter_lpuart.c.obj
                0x6000b760                HAL_UartSendBlocking
 .text.SerialManager_Init
                0x6000b778       0x2c CMakeFiles/lvgl_guider.elf.dir/C_/NXP/GUI-Guider-Projects/hack-1/sdk/Core/component/serial_manager/fsl_component_serial_manager.c.obj
                0x6000b778                SerialManager_Init
 .text.SerialManager_OpenWriteHandle
                0x6000b7a4       0x28 CMakeFiles/lvgl_guider.elf.dir/C_/NXP/GUI-Guider-Projects/hack-1/sdk/Core/component/serial_manager/fsl_component_serial_manager.c.obj
                0x6000b7a4                SerialManager_OpenWriteHandle
 .text.SerialManager_OpenReadHandle
                0x6000b7cc       0x30 CMakeFiles/lvgl_guider.elf.dir/C_/NXP/GUI-Guider-Projects/hack-1/sdk/Core/component/serial_manager/fsl_component_serial_manager.c.obj
                0x6000b7cc                SerialManager_OpenReadHandle
 .text.SerialManager_WriteBlocking
                0x6000b7fc       0x14 CMakeFiles/lvgl_guider.elf.dir/C_/NXP/GUI-Guider-Projects/hack-1/sdk/Core/component/serial_manager/fsl_component_serial_manager.c.obj
                0x6000b7fc                SerialManager_WriteBlocking
 .text.Serial_UartInit
                0x6000b810        0x4 CMakeFiles/lvgl_guider.elf.dir/C_/NXP/GUI-Guider-Projects/hack-1/sdk/Core/component/serial_manager/fsl_component_serial_port_uart.c.obj
                0x6000b810                Serial_UartInit
 .text.Serial_UartWrite
                0x6000b814        0x4 CMakeFiles/lvgl_guider.elf.dir/C_/NXP/GUI-Guider-Projects/hack-1/sdk/Core/component/serial_manager/fsl_component_serial_port_uart.c.obj
                0x6000b814                Serial_UartWrite
 .text.SystemInitHook
                0x6000b818        0x4 CMakeFiles/lvgl_guider.elf.dir/C_/NXP/GUI-Guider-Projects/hack-1/sdk/Core/device/system_MIMXRT1062.c.obj
                0x6000b818                SystemInitHook
 .text.SystemInit
                0x6000b81c       0xe0 CMakeFiles/lvgl_guider.elf.dir/C_/NXP/GUI-Guider-Projects/hack-1/sdk/Core/device/system_MIMXRT1062.c.obj
                0x6000b81c                SystemInit
 .text.DCACHE_CleanInvalidateByRange
                0x6000b8fc       0x2c CMakeFiles/lvgl_guider.elf.dir/C_/NXP/GUI-Guider-Projects/hack-1/sdk/Core/drivers/fsl_cache.c.obj
                0x6000b8fc                DCACHE_CleanInvalidateByRange
 .text.CLOCK_InitExternalClk
                0x6000b928       0x34 CMakeFiles/lvgl_guider.elf.dir/C_/NXP/GUI-Guider-Projects/hack-1/sdk/Core/drivers/fsl_clock.c.obj
                0x6000b928                CLOCK_InitExternalClk
 .text.CLOCK_SwitchOsc
                0x6000b95c       0x18 CMakeFiles/lvgl_guider.elf.dir/C_/NXP/GUI-Guider-Projects/hack-1/sdk/Core/drivers/fsl_clock.c.obj
                0x6000b95c                CLOCK_SwitchOsc
 .text.CLOCK_InitRcOsc24M
                0x6000b974       0x14 CMakeFiles/lvgl_guider.elf.dir/C_/NXP/GUI-Guider-Projects/hack-1/sdk/Core/drivers/fsl_clock.c.obj
                0x6000b974                CLOCK_InitRcOsc24M
 .text.CLOCK_InitArmPll
                0x6000b988       0x4c CMakeFiles/lvgl_guider.elf.dir/C_/NXP/GUI-Guider-Projects/hack-1/sdk/Core/drivers/fsl_clock.c.obj
                0x6000b988                CLOCK_InitArmPll
 .text.CLOCK_DeinitUsb2Pll
                0x6000b9d4        0xc CMakeFiles/lvgl_guider.elf.dir/C_/NXP/GUI-Guider-Projects/hack-1/sdk/Core/drivers/fsl_clock.c.obj
                0x6000b9d4                CLOCK_DeinitUsb2Pll
 .text.CLOCK_DeinitAudioPll
                0x6000b9e0       0x10 CMakeFiles/lvgl_guider.elf.dir/C_/NXP/GUI-Guider-Projects/hack-1/sdk/Core/drivers/fsl_clock.c.obj
                0x6000b9e0                CLOCK_DeinitAudioPll
 .text.CLOCK_InitVideoPll
                0x6000b9f0       0xc0 CMakeFiles/lvgl_guider.elf.dir/C_/NXP/GUI-Guider-Projects/hack-1/sdk/Core/drivers/fsl_clock.c.obj
                0x6000b9f0                CLOCK_InitVideoPll
 .text.CLOCK_DeinitEnetPll
                0x6000bab0       0x10 CMakeFiles/lvgl_guider.elf.dir/C_/NXP/GUI-Guider-Projects/hack-1/sdk/Core/drivers/fsl_clock.c.obj
                0x6000bab0                CLOCK_DeinitEnetPll
 .text.CLOCK_GetPllFreq
                0x6000bac0      0x22c CMakeFiles/lvgl_guider.elf.dir/C_/NXP/GUI-Guider-Projects/hack-1/sdk/Core/drivers/fsl_clock.c.obj
                0x6000bac0                CLOCK_GetPllFreq
 .text.CLOCK_GetPeriphClkFreq
                0x6000bcec       0xe8 CMakeFiles/lvgl_guider.elf.dir/C_/NXP/GUI-Guider-Projects/hack-1/sdk/Core/drivers/fsl_clock.c.obj
 .text.CLOCK_GetSemcFreq
                0x6000bdd4       0x74 CMakeFiles/lvgl_guider.elf.dir/C_/NXP/GUI-Guider-Projects/hack-1/sdk/Core/drivers/fsl_clock.c.obj
                0x6000bdd4                CLOCK_GetSemcFreq
 .text.CLOCK_GetPerClkFreq
                0x6000be48       0x5c CMakeFiles/lvgl_guider.elf.dir/C_/NXP/GUI-Guider-Projects/hack-1/sdk/Core/drivers/fsl_clock.c.obj
                0x6000be48                CLOCK_GetPerClkFreq
 .text.CLOCK_GetFreq
                0x6000bea4      0x2bc CMakeFiles/lvgl_guider.elf.dir/C_/NXP/GUI-Guider-Projects/hack-1/sdk/Core/drivers/fsl_clock.c.obj
                0x6000bea4                CLOCK_GetFreq
 .text.MSDK_EnableCpuCycleCounter
                0x6000c160       0x30 CMakeFiles/lvgl_guider.elf.dir/C_/NXP/GUI-Guider-Projects/hack-1/sdk/Core/drivers/fsl_common_arm.c.obj
                0x6000c160                MSDK_EnableCpuCycleCounter
 .text.MSDK_GetCpuCycleCount
                0x6000c190        0xc CMakeFiles/lvgl_guider.elf.dir/C_/NXP/GUI-Guider-Projects/hack-1/sdk/Core/drivers/fsl_common_arm.c.obj
                0x6000c190                MSDK_GetCpuCycleCount
 .text.ELCDIF_RgbModeInit
                0x6000c19c       0xec CMakeFiles/lvgl_guider.elf.dir/C_/NXP/GUI-Guider-Projects/hack-1/sdk/Core/drivers/fsl_elcdif.c.obj
                0x6000c19c                ELCDIF_RgbModeInit
 .text.GT911_ReadRawTouchData
                0x6000c288       0x78 CMakeFiles/lvgl_guider.elf.dir/C_/NXP/GUI-Guider-Projects/hack-1/sdk/Core/touchpanel/fsl_gt911.c.obj
 .text.GT911_Init
                0x6000c300      0x18c CMakeFiles/lvgl_guider.elf.dir/C_/NXP/GUI-Guider-Projects/hack-1/sdk/Core/touchpanel/fsl_gt911.c.obj
                0x6000c300                GT911_Init
 .text.GT911_GetSingleTouch
                0x6000c48c       0x38 CMakeFiles/lvgl_guider.elf.dir/C_/NXP/GUI-Guider-Projects/hack-1/sdk/Core/touchpanel/fsl_gt911.c.obj
                0x6000c48c                GT911_GetSingleTouch
 .text.GT911_GetResolution
                0x6000c4c4       0x18 CMakeFiles/lvgl_guider.elf.dir/C_/NXP/GUI-Guider-Projects/hack-1/sdk/Core/touchpanel/fsl_gt911.c.obj
                0x6000c4c4                GT911_GetResolution
 .text.GPIO_PinWrite
                0x6000c4dc       0x14 CMakeFiles/lvgl_guider.elf.dir/C_/NXP/GUI-Guider-Projects/hack-1/sdk/Core/drivers/fsl_gpio.c.obj
                0x6000c4dc                GPIO_PinWrite
 .text.GPIO_PinSetInterruptConfig
                0x6000c4f0       0x88 CMakeFiles/lvgl_guider.elf.dir/C_/NXP/GUI-Guider-Projects/hack-1/sdk/Core/drivers/fsl_gpio.c.obj
                0x6000c4f0                GPIO_PinSetInterruptConfig
 .text.GPIO_PinInit
                0x6000c578       0x90 CMakeFiles/lvgl_guider.elf.dir/C_/NXP/GUI-Guider-Projects/hack-1/sdk/Core/drivers/fsl_gpio.c.obj
                0x6000c578                GPIO_PinInit
 .text.LPI2C_MasterCheckAndClearError
                0x6000c608       0x68 CMakeFiles/lvgl_guider.elf.dir/C_/NXP/GUI-Guider-Projects/hack-1/sdk/Core/drivers/fsl_lpi2c.c.obj
                0x6000c608                LPI2C_MasterCheckAndClearError
 .text.LPI2C_MasterGetDefaultConfig
                0x6000c670       0x2c CMakeFiles/lvgl_guider.elf.dir/C_/NXP/GUI-Guider-Projects/hack-1/sdk/Core/drivers/fsl_lpi2c.c.obj
                0x6000c670                LPI2C_MasterGetDefaultConfig
 .text.LPI2C_MasterSetBaudRate
                0x6000c69c      0x180 CMakeFiles/lvgl_guider.elf.dir/C_/NXP/GUI-Guider-Projects/hack-1/sdk/Core/drivers/fsl_lpi2c.c.obj
                0x6000c69c                LPI2C_MasterSetBaudRate
 .text.LPI2C_MasterInit
                0x6000c81c      0x220 CMakeFiles/lvgl_guider.elf.dir/C_/NXP/GUI-Guider-Projects/hack-1/sdk/Core/drivers/fsl_lpi2c.c.obj
                0x6000c81c                LPI2C_MasterInit
 .text.LPI2C_MasterStop
                0x6000ca3c       0xac CMakeFiles/lvgl_guider.elf.dir/C_/NXP/GUI-Guider-Projects/hack-1/sdk/Core/drivers/fsl_lpi2c.c.obj
                0x6000ca3c                LPI2C_MasterStop
 .text.LPI2C_MasterReceive
                0x6000cae8       0x74 CMakeFiles/lvgl_guider.elf.dir/C_/NXP/GUI-Guider-Projects/hack-1/sdk/Core/drivers/fsl_lpi2c.c.obj
                0x6000cae8                LPI2C_MasterReceive
 .text.LPI2C_MasterSend
                0x6000cb5c       0xa4 CMakeFiles/lvgl_guider.elf.dir/C_/NXP/GUI-Guider-Projects/hack-1/sdk/Core/drivers/fsl_lpi2c.c.obj
                0x6000cb5c                LPI2C_MasterSend
 .text.LPI2C_MasterTransferBlocking
                0x6000cc00      0x23c CMakeFiles/lvgl_guider.elf.dir/C_/NXP/GUI-Guider-Projects/hack-1/sdk/Core/drivers/fsl_lpi2c.c.obj
                0x6000cc00                LPI2C_MasterTransferBlocking
 .text.LPI2C1_DriverIRQHandler
                0x6000ce3c       0x48 CMakeFiles/lvgl_guider.elf.dir/C_/NXP/GUI-Guider-Projects/hack-1/sdk/Core/drivers/fsl_lpi2c.c.obj
                0x6000ce3c                LPI2C1_DriverIRQHandler
 .text.LPI2C2_DriverIRQHandler
                0x6000ce84       0x48 CMakeFiles/lvgl_guider.elf.dir/C_/NXP/GUI-Guider-Projects/hack-1/sdk/Core/drivers/fsl_lpi2c.c.obj
                0x6000ce84                LPI2C2_DriverIRQHandler
 .text.LPI2C3_DriverIRQHandler
                0x6000cecc       0x48 CMakeFiles/lvgl_guider.elf.dir/C_/NXP/GUI-Guider-Projects/hack-1/sdk/Core/drivers/fsl_lpi2c.c.obj
                0x6000cecc                LPI2C3_DriverIRQHandler
 .text.LPI2C4_DriverIRQHandler
                0x6000cf14       0x48 CMakeFiles/lvgl_guider.elf.dir/C_/NXP/GUI-Guider-Projects/hack-1/sdk/Core/drivers/fsl_lpi2c.c.obj
                0x6000cf14                LPI2C4_DriverIRQHandler
 .text.LPUART_Init
                0x6000cf5c      0x1e4 CMakeFiles/lvgl_guider.elf.dir/C_/NXP/GUI-Guider-Projects/hack-1/sdk/Core/drivers/fsl_lpuart.c.obj
                0x6000cf5c                LPUART_Init
 .text.LPUART_GetDefaultConfig
                0x6000d140       0x20 CMakeFiles/lvgl_guider.elf.dir/C_/NXP/GUI-Guider-Projects/hack-1/sdk/Core/drivers/fsl_lpuart.c.obj
                0x6000d140                LPUART_GetDefaultConfig
 .text.LPUART_WriteBlocking
                0x6000d160       0x20 CMakeFiles/lvgl_guider.elf.dir/C_/NXP/GUI-Guider-Projects/hack-1/sdk/Core/drivers/fsl_lpuart.c.obj
                0x6000d160                LPUART_WriteBlocking
 .text.LPUART1_DriverIRQHandler
                0x6000d180       0x20 CMakeFiles/lvgl_guider.elf.dir/C_/NXP/GUI-Guider-Projects/hack-1/sdk/Core/drivers/fsl_lpuart.c.obj
                0x6000d180                LPUART1_DriverIRQHandler
 .text.LPUART2_DriverIRQHandler
                0x6000d1a0       0x20 CMakeFiles/lvgl_guider.elf.dir/C_/NXP/GUI-Guider-Projects/hack-1/sdk/Core/drivers/fsl_lpuart.c.obj
                0x6000d1a0                LPUART2_DriverIRQHandler
 .text.LPUART3_DriverIRQHandler
                0x6000d1c0       0x20 CMakeFiles/lvgl_guider.elf.dir/C_/NXP/GUI-Guider-Projects/hack-1/sdk/Core/drivers/fsl_lpuart.c.obj
                0x6000d1c0                LPUART3_DriverIRQHandler
 .text.LPUART4_DriverIRQHandler
                0x6000d1e0       0x20 CMakeFiles/lvgl_guider.elf.dir/C_/NXP/GUI-Guider-Projects/hack-1/sdk/Core/drivers/fsl_lpuart.c.obj
                0x6000d1e0                LPUART4_DriverIRQHandler
 .text.LPUART5_DriverIRQHandler
                0x6000d200       0x20 CMakeFiles/lvgl_guider.elf.dir/C_/NXP/GUI-Guider-Projects/hack-1/sdk/Core/drivers/fsl_lpuart.c.obj
                0x6000d200                LPUART5_DriverIRQHandler
 .text.LPUART6_DriverIRQHandler
                0x6000d220       0x20 CMakeFiles/lvgl_guider.elf.dir/C_/NXP/GUI-Guider-Projects/hack-1/sdk/Core/drivers/fsl_lpuart.c.obj
                0x6000d220                LPUART6_DriverIRQHandler
 .text.LPUART7_DriverIRQHandler
                0x6000d240       0x20 CMakeFiles/lvgl_guider.elf.dir/C_/NXP/GUI-Guider-Projects/hack-1/sdk/Core/drivers/fsl_lpuart.c.obj
                0x6000d240                LPUART7_DriverIRQHandler
 .text.LPUART8_DriverIRQHandler
                0x6000d260       0x20 CMakeFiles/lvgl_guider.elf.dir/C_/NXP/GUI-Guider-Projects/hack-1/sdk/Core/drivers/fsl_lpuart.c.obj
                0x6000d260                LPUART8_DriverIRQHandler
 .text.USDHC1_DriverIRQHandler
                0x6000d280       0x20 CMakeFiles/lvgl_guider.elf.dir/C_/NXP/GUI-Guider-Projects/hack-1/sdk/Core/drivers/fsl_usdhc.c.obj
                0x6000d280                USDHC1_DriverIRQHandler
 .text.USDHC2_DriverIRQHandler
                0x6000d2a0       0x20 CMakeFiles/lvgl_guider.elf.dir/C_/NXP/GUI-Guider-Projects/hack-1/sdk/Core/drivers/fsl_usdhc.c.obj
                0x6000d2a0                USDHC2_DriverIRQHandler
 .text.VIDEO_DelayMs
                0x6000d2c0       0x24 CMakeFiles/lvgl_guider.elf.dir/C_/NXP/GUI-Guider-Projects/hack-1/sdk/Core/video/fsl_video_common.c.obj
                0x6000d2c0                VIDEO_DelayMs
 .text.vListInitialise
                0x6000d2e4       0x18 CMakeFiles/lvgl_guider.elf.dir/C_/NXP/GUI-Guider-Projects/hack-1/sdk/Core/freertos/freertos-kernel/list.c.obj
                0x6000d2e4                vListInitialise
 .text.vListInitialiseItem
                0x6000d2fc        0x8 CMakeFiles/lvgl_guider.elf.dir/C_/NXP/GUI-Guider-Projects/hack-1/sdk/Core/freertos/freertos-kernel/list.c.obj
                0x6000d2fc                vListInitialiseItem
 .text.vListInsert
                0x6000d304       0x30 CMakeFiles/lvgl_guider.elf.dir/C_/NXP/GUI-Guider-Projects/hack-1/sdk/Core/freertos/freertos-kernel/list.c.obj
                0x6000d304                vListInsert
 .text.uxListRemove
                0x6000d334       0x28 CMakeFiles/lvgl_guider.elf.dir/C_/NXP/GUI-Guider-Projects/hack-1/sdk/Core/freertos/freertos-kernel/list.c.obj
                0x6000d334                uxListRemove
 .text.prvUnlockQueue
                0x6000d35c       0x8c CMakeFiles/lvgl_guider.elf.dir/C_/NXP/GUI-Guider-Projects/hack-1/sdk/Core/freertos/freertos-kernel/queue.c.obj
 .text.xQueueGenericReset
                0x6000d3e8       0xa0 CMakeFiles/lvgl_guider.elf.dir/C_/NXP/GUI-Guider-Projects/hack-1/sdk/Core/freertos/freertos-kernel/queue.c.obj
                0x6000d3e8                xQueueGenericReset
 .text.xQueueGenericCreateStatic
                0x6000d488       0x80 CMakeFiles/lvgl_guider.elf.dir/C_/NXP/GUI-Guider-Projects/hack-1/sdk/Core/freertos/freertos-kernel/queue.c.obj
                0x6000d488                xQueueGenericCreateStatic
 .text.xQueueGenericCreate
                0x6000d508       0x60 CMakeFiles/lvgl_guider.elf.dir/C_/NXP/GUI-Guider-Projects/hack-1/sdk/Core/freertos/freertos-kernel/queue.c.obj