C:\NXP\GUI-Guider-Projects\hack-1\sdk\Core\lvgl\lvgl/src/misc/lv_anim.h:131:20:lv_anim_set_var	16	static
C:\NXP\GUI-Guider-Projects\hack-1\sdk\Core\lvgl\lvgl/src/misc/lv_anim.h:143:20:lv_anim_set_exec_cb	16	static
C:\NXP\GUI-Guider-Projects\hack-1\sdk\Core\lvgl\lvgl/src/misc/lv_anim.h:153:20:lv_anim_set_time	16	static
C:\NXP\GUI-Guider-Projects\hack-1\sdk\Core\lvgl\lvgl/src/misc/lv_anim.h:163:20:lv_anim_set_delay	16	static
C:\NXP\GUI-Guider-Projects\hack-1\sdk\Core\lvgl\lvgl/src/misc/lv_anim.h:174:20:lv_anim_set_values	24	static
C:\NXP\GUI-Guider-Projects\hack-1\sdk\Core\lvgl\lvgl/src/misc/lv_anim.h:201:20:lv_anim_set_path_cb	16	static
C:\NXP\GUI-Guider-Projects\hack-1\sdk\Core\lvgl\lvgl/src/misc/lv_anim.h:211:20:lv_anim_set_start_cb	16	static
C:\NXP\GUI-Guider-Projects\hack-1\sdk\Core\lvgl\lvgl/src/misc/lv_anim.h:232:20:lv_anim_set_ready_cb	16	static
C:\NXP\GUI-Guider-Projects\hack-1\sdk\Core\lvgl\lvgl/src/misc/lv_anim.h:242:20:lv_anim_set_deleted_cb	16	static
C:\NXP\GUI-Guider-Projects\hack-1\sdk\Core\lvgl\lvgl/src/misc/lv_anim.h:252:20:lv_anim_set_playback_time	16	static
C:\NXP\GUI-Guider-Projects\hack-1\sdk\Core\lvgl\lvgl/src/misc/lv_anim.h:262:20:lv_anim_set_playback_delay	16	static
C:\NXP\GUI-Guider-Projects\hack-1\sdk\Core\lvgl\lvgl/src/misc/lv_anim.h:272:20:lv_anim_set_repeat_count	16	static
C:\NXP\GUI-Guider-Projects\hack-1\sdk\Core\lvgl\lvgl/src/misc/lv_anim.h:282:20:lv_anim_set_repeat_delay	16	static
C:\NXP\GUI-Guider-Projects\hack-1\sdk\Core\lvgl\lvgl/src/core/lv_disp.h:182:26:lv_scr_act	8	static
C:\NXP\GUI-Guider-Projects\hack-1\sdk\Core\lvgl\lvgl/src/core/lv_disp.h:205:20:lv_scr_load	16	static
C:/NXP/GUI-Guider-Projects/hack-1/generated/gui_guider.c:17:6:ui_init_style	16	static
C:/NXP/GUI-Guider-Projects/hack-1/generated/gui_guider.c:25:6:ui_load_scr_animation	40	static
C:/NXP/GUI-Guider-Projects/hack-1/generated/gui_guider.c:45:6:ui_animation	96	static
C:/NXP/GUI-Guider-Projects/hack-1/generated/gui_guider.c:73:6:init_scr_del_flag	16	static
C:/NXP/GUI-Guider-Projects/hack-1/generated/gui_guider.c:85:6:setup_ui	16	static
